#
# There is insufficient memory for the Java Runtime Environment to continue.
# Native memory allocation (malloc) failed to allocate 2198960 bytes for Chunk::new
# Possible reasons:
#   The system is out of physical RAM or swap space
#   The process is running with CompressedOops enabled, and the Java Heap may be blocking the growth of the native heap
# Possible solutions:
#   Reduce memory load on the system
#   Increase physical memory or swap space
#   Check if swap backing store is full
#   Decrease Java heap size (-Xmx/-Xms)
#   Decrease number of Java threads
#   Decrease Java thread stack sizes (-Xss)
#   Set larger code cache with -XX:ReservedCodeCacheSize=
#   JVM is running with Unscaled Compressed Oops mode in which the Java heap is
#     placed in the first 4GB address space. The Java Heap base address is the
#     maximum limit for the native heap growth. Please use -XX:HeapBaseMinAddress
#     to set the Java Heap base and to place the Java Heap above 4GB virtual address.
# This output file may be truncated or incomplete.
#
#  Out of Memory Error (arena.cpp:189), pid=14020, tid=4696
#
# JRE version: Java(TM) SE Runtime Environment (17.0.8+9) (build 17.0.8+9-LTS-211)
# Java VM: Java HotSpot(TM) 64-Bit Server VM (17.0.8+9-LTS-211, mixed mode, sharing, tiered, compressed oops, compressed class ptrs, g1 gc, windows-amd64)
# No core dump will be written. Minidumps are not enabled by default on client versions of Windows
#

---------------  S U M M A R Y ------------

Command Line: --module-path=C:/javafx-sdk-21.0.7/lib --add-modules=javafx.controls,javafx.fxml -XX:+ShowCodeDetailsInExceptionMessages com.login.Main

Host: Intel(R) Core(TM) i5-7200U CPU @ 2.50GHz, 4 cores, 7G,  Windows 10 , 64 bit Build 19041 (10.0.19041.5915)
Time: Sat Jul 26 19:43:15 2025 India Standard Time elapsed time: 13.293404 seconds (0d 0h 0m 13s)

---------------  T H R E A D  ---------------

Current thread (0x000002a7fd5e9920):  JavaThread "C2 CompilerThread0" daemon [_thread_in_native, id=4696, stack(0x000000ec77300000,0x000000ec77400000)]


Current CompileTask:
C2:  13293 2825       4       com.sun.javafx.sg.prism.NGNode::doRender (473 bytes)

Stack: [0x000000ec77300000,0x000000ec77400000]
Native frames: (J=compiled Java code, j=interpreted, Vv=VM code, C=native code)
V  [jvm.dll+0x677d0a]
V  [jvm.dll+0x7d8c54]
V  [jvm.dll+0x7da3fe]
V  [jvm.dll+0x7daa63]
V  [jvm.dll+0x245c5f]
V  [jvm.dll+0xaaa6b]
V  [jvm.dll+0xab00c]
V  [jvm.dll+0x361e8e]
V  [jvm.dll+0x1bb87a]
V  [jvm.dll+0x218157]
V  [jvm.dll+0x217431]
V  [jvm.dll+0x1a3af0]
V  [jvm.dll+0x2270be]
V  [jvm.dll+0x22535b]
V  [jvm.dll+0x78e7bc]
V  [jvm.dll+0x788bba]
V  [jvm.dll+0x676b35]
C  [ucrtbase.dll+0x21bb2]
C  [KERNEL32.DLL+0x17374]
C  [ntdll.dll+0x4cc91]


---------------  P R O C E S S  ---------------

Threads class SMR info:
_java_thread_list=0x000002a7c9906e00, length=19, elements={
0x000002a7dfdb0460, 0x000002a7fd5cb580, 0x000002a7fd5cc1f0, 0x000002a7fd5e1c80,
0x000002a7fd5e2630, 0x000002a7fd5e3ff0, 0x000002a7fd5e71c0, 0x000002a7fd5e9920,
0x000002a7fd5fb650, 0x000002a7fd5fe350, 0x000002a7fd5b6a50, 0x000002a7fd852f10,
0x000002a7fdaf15c0, 0x000002a7fdb68060, 0x000002a7fdc53060, 0x000002a7fdbffc40,
0x000002a7fdee2af0, 0x000002a7c97c6520, 0x000002a7c97c6050
}

Java Threads: ( => current thread )
  0x000002a7dfdb0460 JavaThread "main" [_thread_blocked, id=11224, stack(0x000000ec76600000,0x000000ec76700000)]
  0x000002a7fd5cb580 JavaThread "Reference Handler" daemon [_thread_blocked, id=11172, stack(0x000000ec76d00000,0x000000ec76e00000)]
  0x000002a7fd5cc1f0 JavaThread "Finalizer" daemon [_thread_blocked, id=17856, stack(0x000000ec76e00000,0x000000ec76f00000)]
  0x000002a7fd5e1c80 JavaThread "Signal Dispatcher" daemon [_thread_blocked, id=17136, stack(0x000000ec76f00000,0x000000ec77000000)]
  0x000002a7fd5e2630 JavaThread "Attach Listener" daemon [_thread_blocked, id=11436, stack(0x000000ec77000000,0x000000ec77100000)]
  0x000002a7fd5e3ff0 JavaThread "Service Thread" daemon [_thread_blocked, id=15256, stack(0x000000ec77100000,0x000000ec77200000)]
  0x000002a7fd5e71c0 JavaThread "Monitor Deflation Thread" daemon [_thread_blocked, id=16896, stack(0x000000ec77200000,0x000000ec77300000)]
=>0x000002a7fd5e9920 JavaThread "C2 CompilerThread0" daemon [_thread_in_native, id=4696, stack(0x000000ec77300000,0x000000ec77400000)]
  0x000002a7fd5fb650 JavaThread "C1 CompilerThread0" daemon [_thread_blocked, id=11864, stack(0x000000ec77400000,0x000000ec77500000)]
  0x000002a7fd5fe350 JavaThread "Sweeper thread" daemon [_thread_blocked, id=1712, stack(0x000000ec77500000,0x000000ec77600000)]
  0x000002a7fd5b6a50 JavaThread "Common-Cleaner" daemon [_thread_blocked, id=6104, stack(0x000000ec77600000,0x000000ec77700000)]
  0x000002a7fd852f10 JavaThread "Notification Thread" daemon [_thread_blocked, id=6236, stack(0x000000ec77800000,0x000000ec77900000)]
  0x000002a7fdaf15c0 JavaThread "JavaFX-Launcher" [_thread_blocked, id=9212, stack(0x000000ec77a00000,0x000000ec77b00000)]
  0x000002a7fdb68060 JavaThread "QuantumRenderer-0" daemon [_thread_in_native, id=508, stack(0x000000ec77b00000,0x000000ec77c00000)]
  0x000002a7fdc53060 JavaThread "InvokeLaterDispatcher" daemon [_thread_blocked, id=2508, stack(0x000000ec77c00000,0x000000ec77d00000)]
  0x000002a7fdbffc40 JavaThread "JavaFX Application Thread" [_thread_blocked, id=17048, stack(0x000000ec77d00000,0x000000ec77e00000)]
  0x000002a7fdee2af0 JavaThread "Thread-2" daemon [_thread_in_native, id=8912, stack(0x000000ec78400000,0x000000ec78500000)]
  0x000002a7c97c6520 JavaThread "Cleaner-0" daemon [_thread_blocked, id=16168, stack(0x000000ec77700000,0x000000ec77800000)]
  0x000002a7c97c6050 JavaThread "Prism Font Disposer" daemon [_thread_blocked, id=6616, stack(0x000000ec78900000,0x000000ec78a00000)]

Other Threads:
  0x000002a7fd5c6670 VMThread "VM Thread" [stack: 0x000000ec76c00000,0x000000ec76d00000] [id=3136]
  0x000002a7fd866320 WatcherThread [stack: 0x000000ec77900000,0x000000ec77a00000] [id=11616]
  0x000002a7dfe30050 GCTaskThread "GC Thread#0" [stack: 0x000000ec76700000,0x000000ec76800000] [id=8240]
  0x000002a7fde36910 GCTaskThread "GC Thread#1" [stack: 0x000000ec78100000,0x000000ec78200000] [id=6480]
  0x000002a7fde34a80 GCTaskThread "GC Thread#2" [stack: 0x000000ec78200000,0x000000ec78300000] [id=1860]
  0x000002a7fde35490 GCTaskThread "GC Thread#3" [stack: 0x000000ec78300000,0x000000ec78400000] [id=14352]
  0x000002a7dfe40a90 ConcurrentGCThread "G1 Main Marker" [stack: 0x000000ec76800000,0x000000ec76900000] [id=3920]
  0x000002a7dfe41b40 ConcurrentGCThread "G1 Conc#0" [stack: 0x000000ec76900000,0x000000ec76a00000] [id=9312]
  0x000002a7dfe6ddc0 ConcurrentGCThread "G1 Refine#0" [stack: 0x000000ec76a00000,0x000000ec76b00000] [id=17328]
  0x000002a7fdf64910 ConcurrentGCThread "G1 Refine#1" [stack: 0x000000ec78500000,0x000000ec78600000] [id=17564]
  0x000002a7dfe6e6e0 ConcurrentGCThread "G1 Service" [stack: 0x000000ec76b00000,0x000000ec76c00000] [id=14804]

Threads with active compile tasks:
C2 CompilerThread0    13492 2825       4       com.sun.javafx.sg.prism.NGNode::doRender (473 bytes)

VM state: not at safepoint (normal execution)

VM Mutex/Monitor currently owned by a thread: None

Heap address: 0x0000000082000000, size: 2016 MB, Compressed Oops mode: 32-bit

CDS archive(s) mapped at: [0x000002a780000000-0x000002a780bd0000-0x000002a780bd0000), size 12386304, SharedBaseAddress: 0x000002a780000000, ArchiveRelocationMode: 1.
Compressed class space mapped at: 0x000002a781000000-0x000002a7c1000000, reserved size: 1073741824
Narrow klass base: 0x000002a780000000, Narrow klass shift: 0, Narrow klass range: 0x100000000

GC Precious Log:
 CPUs: 4 total, 4 available
 Memory: 8058M
 Large Page Support: Disabled
 NUMA Support: Disabled
 Compressed Oops: Enabled (32-bit)
 Heap Region Size: 1M
 Heap Min Capacity: 8M
 Heap Initial Capacity: 126M
 Heap Max Capacity: 2016M
 Pre-touch: Disabled
 Parallel Workers: 4
 Concurrent Workers: 1
 Concurrent Refinement Workers: 4
 Periodic GC: Disabled

Heap:
 garbage-first heap   total 288768K, used 235966K [0x0000000082000000, 0x0000000100000000)
  region size 1024K, 10 young (10240K), 2 survivors (2048K)
 Metaspace       used 12439K, committed 12608K, reserved 1114112K
  class space    used 1700K, committed 1792K, reserved 1048576K

Heap Regions: E=young(eden), S=young(survivor), O=old, HS=humongous(starts), HC=humongous(continues), CS=collection set, F=free, OA=open archive, CA=closed archive, TAMS=top-at-mark-start (previous, next)
|   0|0x0000000082000000, 0x0000000082100000, 0x0000000082100000|100%|HS|  |TAMS 0x0000000082100000, 0x0000000082000000| Complete 
|   1|0x0000000082100000, 0x0000000082200000, 0x0000000082200000|100%|HC|  |TAMS 0x0000000082200000, 0x0000000082100000| Complete 
|   2|0x0000000082200000, 0x0000000082300000, 0x0000000082300000|100%|HC|  |TAMS 0x0000000082300000, 0x0000000082200000| Complete 
|   3|0x0000000082300000, 0x0000000082400000, 0x0000000082400000|100%|HC|  |TAMS 0x0000000082400000, 0x0000000082300000| Complete 
|   4|0x0000000082400000, 0x0000000082500000, 0x0000000082500000|100%|HC|  |TAMS 0x0000000082500000, 0x0000000082400000| Complete 
|   5|0x0000000082500000, 0x0000000082600000, 0x0000000082600000|100%|HC|  |TAMS 0x0000000082600000, 0x0000000082500000| Complete 
|   6|0x0000000082600000, 0x0000000082700000, 0x0000000082700000|100%|HC|  |TAMS 0x0000000082700000, 0x0000000082600000| Complete 
|   7|0x0000000082700000, 0x0000000082800000, 0x0000000082800000|100%|HC|  |TAMS 0x0000000082800000, 0x0000000082700000| Complete 
|   8|0x0000000082800000, 0x0000000082900000, 0x0000000082900000|100%|HC|  |TAMS 0x0000000082900000, 0x0000000082800000| Complete 
|   9|0x0000000082900000, 0x0000000082a00000, 0x0000000082a00000|100%|HC|  |TAMS 0x0000000082a00000, 0x0000000082900000| Complete 
|  10|0x0000000082a00000, 0x0000000082b00000, 0x0000000082b00000|100%|HC|  |TAMS 0x0000000082b00000, 0x0000000082a00000| Complete 
|  11|0x0000000082b00000, 0x0000000082c00000, 0x0000000082c00000|100%|HC|  |TAMS 0x0000000082c00000, 0x0000000082b00000| Complete 
|  12|0x0000000082c00000, 0x0000000082d00000, 0x0000000082d00000|100%|HC|  |TAMS 0x0000000082d00000, 0x0000000082c00000| Complete 
|  13|0x0000000082d00000, 0x0000000082e00000, 0x0000000082e00000|100%|HC|  |TAMS 0x0000000082e00000, 0x0000000082d00000| Complete 
|  14|0x0000000082e00000, 0x0000000082f00000, 0x0000000082f00000|100%|HC|  |TAMS 0x0000000082f00000, 0x0000000082e00000| Complete 
|  15|0x0000000082f00000, 0x0000000083000000, 0x0000000083000000|100%|HC|  |TAMS 0x0000000083000000, 0x0000000082f00000| Complete 
|  16|0x0000000083000000, 0x0000000083100000, 0x0000000083100000|100%|HC|  |TAMS 0x0000000083100000, 0x0000000083000000| Complete 
|  17|0x0000000083100000, 0x0000000083200000, 0x0000000083200000|100%|HC|  |TAMS 0x0000000083200000, 0x0000000083100000| Complete 
|  18|0x0000000083200000, 0x0000000083300000, 0x0000000083300000|100%|HC|  |TAMS 0x0000000083300000, 0x0000000083200000| Complete 
|  19|0x0000000083300000, 0x0000000083400000, 0x0000000083400000|100%|HC|  |TAMS 0x0000000083400000, 0x0000000083300000| Complete 
|  20|0x0000000083400000, 0x0000000083500000, 0x0000000083500000|100%|HC|  |TAMS 0x0000000083500000, 0x0000000083400000| Complete 
|  21|0x0000000083500000, 0x0000000083600000, 0x0000000083600000|100%|HC|  |TAMS 0x0000000083600000, 0x0000000083500000| Complete 
|  22|0x0000000083600000, 0x0000000083700000, 0x0000000083700000|100%|HC|  |TAMS 0x0000000083700000, 0x0000000083600000| Complete 
|  23|0x0000000083700000, 0x0000000083800000, 0x0000000083800000|100%|HC|  |TAMS 0x0000000083800000, 0x0000000083700000| Complete 
|  24|0x0000000083800000, 0x0000000083900000, 0x0000000083900000|100%|HC|  |TAMS 0x0000000083900000, 0x0000000083800000| Complete 
|  25|0x0000000083900000, 0x0000000083a00000, 0x0000000083a00000|100%|HC|  |TAMS 0x0000000083a00000, 0x0000000083900000| Complete 
|  26|0x0000000083a00000, 0x0000000083b00000, 0x0000000083b00000|100%|HC|  |TAMS 0x0000000083b00000, 0x0000000083a00000| Complete 
|  27|0x0000000083b00000, 0x0000000083c00000, 0x0000000083c00000|100%|HC|  |TAMS 0x0000000083c00000, 0x0000000083b00000| Complete 
|  28|0x0000000083c00000, 0x0000000083d00000, 0x0000000083d00000|100%|HC|  |TAMS 0x0000000083d00000, 0x0000000083c00000| Complete 
|  29|0x0000000083d00000, 0x0000000083e00000, 0x0000000083e00000|100%|HC|  |TAMS 0x0000000083e00000, 0x0000000083d00000| Complete 
|  30|0x0000000083e00000, 0x0000000083f00000, 0x0000000083f00000|100%|HC|  |TAMS 0x0000000083f00000, 0x0000000083e00000| Complete 
|  31|0x0000000083f00000, 0x0000000084000000, 0x0000000084000000|100%|HC|  |TAMS 0x0000000084000000, 0x0000000083f00000| Complete 
|  32|0x0000000084000000, 0x0000000084100000, 0x0000000084100000|100%|HC|  |TAMS 0x0000000084100000, 0x0000000084000000| Complete 
|  33|0x0000000084100000, 0x0000000084200000, 0x0000000084200000|100%|HC|  |TAMS 0x0000000084200000, 0x0000000084100000| Complete 
|  34|0x0000000084200000, 0x0000000084300000, 0x0000000084300000|100%|HC|  |TAMS 0x0000000084300000, 0x0000000084200000| Complete 
|  35|0x0000000084300000, 0x0000000084400000, 0x0000000084400000|100%|HC|  |TAMS 0x0000000084400000, 0x0000000084300000| Complete 
|  36|0x0000000084400000, 0x0000000084500000, 0x0000000084500000|100%|HC|  |TAMS 0x0000000084500000, 0x0000000084400000| Complete 
|  37|0x0000000084500000, 0x0000000084600000, 0x0000000084600000|100%|HC|  |TAMS 0x0000000084600000, 0x0000000084500000| Complete 
|  38|0x0000000084600000, 0x0000000084700000, 0x0000000084700000|100%|HC|  |TAMS 0x0000000084700000, 0x0000000084600000| Complete 
|  39|0x0000000084700000, 0x0000000084800000, 0x0000000084800000|100%|HC|  |TAMS 0x0000000084800000, 0x0000000084700000| Complete 
|  40|0x0000000084800000, 0x0000000084900000, 0x0000000084900000|100%|HC|  |TAMS 0x0000000084900000, 0x0000000084800000| Complete 
|  41|0x0000000084900000, 0x0000000084a00000, 0x0000000084a00000|100%|HC|  |TAMS 0x0000000084a00000, 0x0000000084900000| Complete 
|  42|0x0000000084a00000, 0x0000000084b00000, 0x0000000084b00000|100%|HC|  |TAMS 0x0000000084b00000, 0x0000000084a00000| Complete 
|  43|0x0000000084b00000, 0x0000000084c00000, 0x0000000084c00000|100%|HC|  |TAMS 0x0000000084c00000, 0x0000000084b00000| Complete 
|  44|0x0000000084c00000, 0x0000000084d00000, 0x0000000084d00000|100%|HC|  |TAMS 0x0000000084d00000, 0x0000000084c00000| Complete 
|  45|0x0000000084d00000, 0x0000000084e00000, 0x0000000084e00000|100%|HC|  |TAMS 0x0000000084e00000, 0x0000000084d00000| Complete 
|  46|0x0000000084e00000, 0x0000000084f00000, 0x0000000084f00000|100%|HS|  |TAMS 0x0000000084f00000, 0x0000000084e00000| Complete 
|  47|0x0000000084f00000, 0x0000000085000000, 0x0000000085000000|100%|HC|  |TAMS 0x0000000085000000, 0x0000000084f00000| Complete 
|  48|0x0000000085000000, 0x0000000085100000, 0x0000000085100000|100%|HC|  |TAMS 0x0000000085100000, 0x0000000085000000| Complete 
|  49|0x0000000085100000, 0x0000000085200000, 0x0000000085200000|100%|HC|  |TAMS 0x0000000085200000, 0x0000000085100000| Complete 
|  50|0x0000000085200000, 0x0000000085300000, 0x0000000085300000|100%|HC|  |TAMS 0x0000000085300000, 0x0000000085200000| Complete 
|  51|0x0000000085300000, 0x0000000085400000, 0x0000000085400000|100%|HC|  |TAMS 0x0000000085400000, 0x0000000085300000| Complete 
|  52|0x0000000085400000, 0x0000000085500000, 0x0000000085500000|100%|HC|  |TAMS 0x0000000085500000, 0x0000000085400000| Complete 
|  53|0x0000000085500000, 0x0000000085600000, 0x0000000085600000|100%|HC|  |TAMS 0x0000000085600000, 0x0000000085500000| Complete 
|  54|0x0000000085600000, 0x0000000085700000, 0x0000000085700000|100%|HC|  |TAMS 0x0000000085700000, 0x0000000085600000| Complete 
|  55|0x0000000085700000, 0x0000000085800000, 0x0000000085800000|100%|HC|  |TAMS 0x0000000085800000, 0x0000000085700000| Complete 
|  56|0x0000000085800000, 0x0000000085900000, 0x0000000085900000|100%|HS|  |TAMS 0x0000000085900000, 0x0000000085800000| Complete 
|  57|0x0000000085900000, 0x0000000085a00000, 0x0000000085a00000|100%| O|  |TAMS 0x0000000085a00000, 0x0000000085900000| Complete 
|  58|0x0000000085a00000, 0x0000000085b00000, 0x0000000085b00000|100%| O|  |TAMS 0x0000000085b00000, 0x0000000085a00000| Untracked 
|  59|0x0000000085b00000, 0x0000000085c00000, 0x0000000085c00000|100%| O|  |TAMS 0x0000000085c00000, 0x0000000085b00000| Untracked 
|  60|0x0000000085c00000, 0x0000000085d00000, 0x0000000085d00000|100%| O|  |TAMS 0x0000000085c83000, 0x0000000085c00000| Untracked 
|  61|0x0000000085d00000, 0x0000000085e00000, 0x0000000085e00000|100%| O|  |TAMS 0x0000000085d00000, 0x0000000085d00000| Untracked 
|  62|0x0000000085e00000, 0x0000000085f00000, 0x0000000085f00000|100%| O|  |TAMS 0x0000000085e00000, 0x0000000085e00000| Untracked 
|  63|0x0000000085f00000, 0x0000000085f8ec00, 0x0000000086000000| 55%| O|  |TAMS 0x0000000085f00000, 0x0000000085f00000| Untracked 
|  64|0x0000000086000000, 0x0000000086100000, 0x0000000086100000|100%|HS|  |TAMS 0x0000000086000000, 0x0000000086000000| Complete 
|  65|0x0000000086100000, 0x0000000086200000, 0x0000000086200000|100%|HC|  |TAMS 0x0000000086100000, 0x0000000086100000| Complete 
|  66|0x0000000086200000, 0x0000000086200000, 0x0000000086300000|  0%| F|  |TAMS 0x0000000086200000, 0x0000000086200000| Untracked 
|  67|0x0000000086300000, 0x0000000086300000, 0x0000000086400000|  0%| F|  |TAMS 0x0000000086300000, 0x0000000086300000| Untracked 
|  68|0x0000000086400000, 0x0000000086400000, 0x0000000086500000|  0%| F|  |TAMS 0x0000000086400000, 0x0000000086400000| Untracked 
|  69|0x0000000086500000, 0x0000000086500000, 0x0000000086600000|  0%| F|  |TAMS 0x0000000086500000, 0x0000000086500000| Untracked 
|  70|0x0000000086600000, 0x0000000086600000, 0x0000000086700000|  0%| F|  |TAMS 0x0000000086600000, 0x0000000086600000| Untracked 
|  71|0x0000000086700000, 0x0000000086700000, 0x0000000086800000|  0%| F|  |TAMS 0x0000000086700000, 0x0000000086700000| Untracked 
|  72|0x0000000086800000, 0x0000000086800000, 0x0000000086900000|  0%| F|  |TAMS 0x0000000086800000, 0x0000000086800000| Untracked 
|  73|0x0000000086900000, 0x0000000086900000, 0x0000000086a00000|  0%| F|  |TAMS 0x0000000086900000, 0x0000000086900000| Untracked 
|  74|0x0000000086a00000, 0x0000000086a00000, 0x0000000086b00000|  0%| F|  |TAMS 0x0000000086a00000, 0x0000000086a00000| Untracked 
|  75|0x0000000086b00000, 0x0000000086b00000, 0x0000000086c00000|  0%| F|  |TAMS 0x0000000086b00000, 0x0000000086b00000| Untracked 
|  76|0x0000000086c00000, 0x0000000086c00000, 0x0000000086d00000|  0%| F|  |TAMS 0x0000000086c00000, 0x0000000086c00000| Untracked 
|  77|0x0000000086d00000, 0x0000000086d00000, 0x0000000086e00000|  0%| F|  |TAMS 0x0000000086d00000, 0x0000000086d00000| Untracked 
|  78|0x0000000086e00000, 0x0000000086e00000, 0x0000000086f00000|  0%| F|  |TAMS 0x0000000086e00000, 0x0000000086e00000| Untracked 
|  79|0x0000000086f00000, 0x0000000086f00000, 0x0000000087000000|  0%| F|  |TAMS 0x0000000086f00000, 0x0000000086f00000| Untracked 
|  80|0x0000000087000000, 0x0000000087000000, 0x0000000087100000|  0%| F|  |TAMS 0x0000000087000000, 0x0000000087000000| Untracked 
|  81|0x0000000087100000, 0x0000000087100000, 0x0000000087200000|  0%| F|  |TAMS 0x0000000087100000, 0x0000000087100000| Untracked 
|  82|0x0000000087200000, 0x0000000087200000, 0x0000000087300000|  0%| F|  |TAMS 0x0000000087200000, 0x0000000087200000| Untracked 
|  83|0x0000000087300000, 0x0000000087300000, 0x0000000087400000|  0%| F|  |TAMS 0x0000000087300000, 0x0000000087300000| Untracked 
|  84|0x0000000087400000, 0x0000000087400000, 0x0000000087500000|  0%| F|  |TAMS 0x0000000087400000, 0x0000000087400000| Untracked 
|  85|0x0000000087500000, 0x0000000087500000, 0x0000000087600000|  0%| F|  |TAMS 0x0000000087500000, 0x0000000087500000| Untracked 
|  86|0x0000000087600000, 0x0000000087600000, 0x0000000087700000|  0%| F|  |TAMS 0x0000000087600000, 0x0000000087600000| Untracked 
|  87|0x0000000087700000, 0x0000000087700000, 0x0000000087800000|  0%| F|  |TAMS 0x0000000087700000, 0x0000000087700000| Untracked 
|  88|0x0000000087800000, 0x0000000087800000, 0x0000000087900000|  0%| F|  |TAMS 0x0000000087800000, 0x0000000087800000| Untracked 
|  89|0x0000000087900000, 0x0000000087900000, 0x0000000087a00000|  0%| F|  |TAMS 0x0000000087900000, 0x0000000087900000| Untracked 
|  90|0x0000000087a00000, 0x0000000087a00000, 0x0000000087b00000|  0%| F|  |TAMS 0x0000000087a00000, 0x0000000087a00000| Untracked 
|  91|0x0000000087b00000, 0x0000000087b00000, 0x0000000087c00000|  0%| F|  |TAMS 0x0000000087b00000, 0x0000000087b00000| Untracked 
|  92|0x0000000087c00000, 0x0000000087c00000, 0x0000000087d00000|  0%| F|  |TAMS 0x0000000087c00000, 0x0000000087c00000| Untracked 
|  93|0x0000000087d00000, 0x0000000087d00000, 0x0000000087e00000|  0%| F|  |TAMS 0x0000000087d00000, 0x0000000087d00000| Untracked 
|  94|0x0000000087e00000, 0x0000000087e00000, 0x0000000087f00000|  0%| F|  |TAMS 0x0000000087e00000, 0x0000000087e00000| Untracked 
|  95|0x0000000087f00000, 0x0000000087f00000, 0x0000000088000000|  0%| F|  |TAMS 0x0000000087f00000, 0x0000000087f00000| Untracked 
|  96|0x0000000088000000, 0x0000000088000000, 0x0000000088100000|  0%| F|  |TAMS 0x0000000088000000, 0x0000000088000000| Untracked 
|  97|0x0000000088100000, 0x0000000088100000, 0x0000000088200000|  0%| F|  |TAMS 0x0000000088100000, 0x0000000088100000| Untracked 
|  98|0x0000000088200000, 0x0000000088200000, 0x0000000088300000|  0%| F|  |TAMS 0x0000000088200000, 0x0000000088200000| Untracked 
|  99|0x0000000088300000, 0x0000000088300000, 0x0000000088400000|  0%| F|  |TAMS 0x0000000088300000, 0x0000000088300000| Untracked 
| 100|0x0000000088400000, 0x0000000088400000, 0x0000000088500000|  0%| F|  |TAMS 0x0000000088400000, 0x0000000088400000| Untracked 
| 101|0x0000000088500000, 0x0000000088500000, 0x0000000088600000|  0%| F|  |TAMS 0x0000000088500000, 0x0000000088500000| Untracked 
| 102|0x0000000088600000, 0x0000000088600000, 0x0000000088700000|  0%| F|  |TAMS 0x0000000088600000, 0x0000000088600000| Untracked 
| 103|0x0000000088700000, 0x0000000088700000, 0x0000000088800000|  0%| F|  |TAMS 0x0000000088700000, 0x0000000088700000| Untracked 
| 104|0x0000000088800000, 0x0000000088800000, 0x0000000088900000|  0%| F|  |TAMS 0x0000000088800000, 0x0000000088800000| Untracked 
| 105|0x0000000088900000, 0x0000000088900000, 0x0000000088a00000|  0%| F|  |TAMS 0x0000000088900000, 0x0000000088900000| Untracked 
| 106|0x0000000088a00000, 0x0000000088a00000, 0x0000000088b00000|  0%| F|  |TAMS 0x0000000088a00000, 0x0000000088a00000| Untracked 
| 107|0x0000000088b00000, 0x0000000088be0fe0, 0x0000000088c00000| 87%| S|CS|TAMS 0x0000000088b00000, 0x0000000088b00000| Complete 
| 108|0x0000000088c00000, 0x0000000088d00000, 0x0000000088d00000|100%| S|CS|TAMS 0x0000000088c00000, 0x0000000088c00000| Complete 
| 109|0x0000000088d00000, 0x0000000088d00000, 0x0000000088e00000|  0%| F|  |TAMS 0x0000000088d00000, 0x0000000088d00000| Untracked 
| 110|0x0000000088e00000, 0x0000000088e00000, 0x0000000088f00000|  0%| F|  |TAMS 0x0000000088e00000, 0x0000000088e00000| Untracked 
| 111|0x0000000088f00000, 0x0000000088f00000, 0x0000000089000000|  0%| F|  |TAMS 0x0000000088f00000, 0x0000000088f00000| Untracked 
| 112|0x0000000089000000, 0x0000000089000000, 0x0000000089100000|  0%| F|  |TAMS 0x0000000089000000, 0x0000000089000000| Untracked 
| 113|0x0000000089100000, 0x0000000089100000, 0x0000000089200000|  0%| F|  |TAMS 0x0000000089100000, 0x0000000089100000| Untracked 
| 114|0x0000000089200000, 0x0000000089200000, 0x0000000089300000|  0%| F|  |TAMS 0x0000000089200000, 0x0000000089200000| Untracked 
| 115|0x0000000089300000, 0x0000000089300000, 0x0000000089400000|  0%| F|  |TAMS 0x0000000089300000, 0x0000000089300000| Untracked 
| 116|0x0000000089400000, 0x0000000089400000, 0x0000000089500000|  0%| F|  |TAMS 0x0000000089400000, 0x0000000089400000| Untracked 
| 117|0x0000000089500000, 0x0000000089500000, 0x0000000089600000|  0%| F|  |TAMS 0x0000000089500000, 0x0000000089500000| Untracked 
| 118|0x0000000089600000, 0x0000000089700000, 0x0000000089700000|100%| E|  |TAMS 0x0000000089600000, 0x0000000089600000| Complete 
| 119|0x0000000089700000, 0x0000000089800000, 0x0000000089800000|100%| E|CS|TAMS 0x0000000089700000, 0x0000000089700000| Complete 
| 120|0x0000000089800000, 0x0000000089900000, 0x0000000089900000|100%| E|CS|TAMS 0x0000000089800000, 0x0000000089800000| Complete 
| 121|0x0000000089900000, 0x0000000089a00000, 0x0000000089a00000|100%| E|CS|TAMS 0x0000000089900000, 0x0000000089900000| Complete 
| 122|0x0000000089a00000, 0x0000000089b00000, 0x0000000089b00000|100%| E|CS|TAMS 0x0000000089a00000, 0x0000000089a00000| Complete 
| 123|0x0000000089b00000, 0x0000000089c00000, 0x0000000089c00000|100%| E|CS|TAMS 0x0000000089b00000, 0x0000000089b00000| Complete 
| 124|0x0000000089c00000, 0x0000000089d00000, 0x0000000089d00000|100%| E|CS|TAMS 0x0000000089c00000, 0x0000000089c00000| Complete 
| 125|0x0000000089d00000, 0x0000000089e00000, 0x0000000089e00000|100%| E|CS|TAMS 0x0000000089d00000, 0x0000000089d00000| Complete 
| 126|0x0000000089e00000, 0x0000000089f00000, 0x0000000089f00000|100%|HS|  |TAMS 0x0000000089e00000, 0x0000000089e00000| Complete 
| 127|0x0000000089f00000, 0x000000008a000000, 0x000000008a000000|100%|HC|  |TAMS 0x0000000089f00000, 0x0000000089f00000| Complete 
| 128|0x000000008a000000, 0x000000008a100000, 0x000000008a100000|100%|HC|  |TAMS 0x000000008a000000, 0x000000008a000000| Complete 
| 129|0x000000008a100000, 0x000000008a200000, 0x000000008a200000|100%|HC|  |TAMS 0x000000008a100000, 0x000000008a100000| Complete 
| 130|0x000000008a200000, 0x000000008a300000, 0x000000008a300000|100%|HC|  |TAMS 0x000000008a200000, 0x000000008a200000| Complete 
| 131|0x000000008a300000, 0x000000008a400000, 0x000000008a400000|100%|HC|  |TAMS 0x000000008a300000, 0x000000008a300000| Complete 
| 132|0x000000008a400000, 0x000000008a500000, 0x000000008a500000|100%|HC|  |TAMS 0x000000008a400000, 0x000000008a400000| Complete 
| 133|0x000000008a500000, 0x000000008a600000, 0x000000008a600000|100%|HC|  |TAMS 0x000000008a500000, 0x000000008a500000| Complete 
| 134|0x000000008a600000, 0x000000008a700000, 0x000000008a700000|100%|HC|  |TAMS 0x000000008a600000, 0x000000008a600000| Complete 
| 135|0x000000008a700000, 0x000000008a800000, 0x000000008a800000|100%|HC|  |TAMS 0x000000008a700000, 0x000000008a700000| Complete 
| 136|0x000000008a800000, 0x000000008a900000, 0x000000008a900000|100%|HC|  |TAMS 0x000000008a800000, 0x000000008a800000| Complete 
| 137|0x000000008a900000, 0x000000008aa00000, 0x000000008aa00000|100%|HC|  |TAMS 0x000000008a900000, 0x000000008a900000| Complete 
| 138|0x000000008aa00000, 0x000000008ab00000, 0x000000008ab00000|100%|HC|  |TAMS 0x000000008aa00000, 0x000000008aa00000| Complete 
| 139|0x000000008ab00000, 0x000000008ac00000, 0x000000008ac00000|100%|HC|  |TAMS 0x000000008ab00000, 0x000000008ab00000| Complete 
| 140|0x000000008ac00000, 0x000000008ad00000, 0x000000008ad00000|100%|HC|  |TAMS 0x000000008ac00000, 0x000000008ac00000| Complete 
| 141|0x000000008ad00000, 0x000000008ae00000, 0x000000008ae00000|100%|HC|  |TAMS 0x000000008ad00000, 0x000000008ad00000| Complete 
| 142|0x000000008ae00000, 0x000000008af00000, 0x000000008af00000|100%|HC|  |TAMS 0x000000008ae00000, 0x000000008ae00000| Complete 
| 143|0x000000008af00000, 0x000000008b000000, 0x000000008b000000|100%|HC|  |TAMS 0x000000008af00000, 0x000000008af00000| Complete 
| 144|0x000000008b000000, 0x000000008b100000, 0x000000008b100000|100%|HC|  |TAMS 0x000000008b000000, 0x000000008b000000| Complete 
| 145|0x000000008b100000, 0x000000008b200000, 0x000000008b200000|100%|HC|  |TAMS 0x000000008b100000, 0x000000008b100000| Complete 
| 146|0x000000008b200000, 0x000000008b300000, 0x000000008b300000|100%|HC|  |TAMS 0x000000008b200000, 0x000000008b200000| Complete 
| 147|0x000000008b300000, 0x000000008b400000, 0x000000008b400000|100%|HC|  |TAMS 0x000000008b300000, 0x000000008b300000| Complete 
| 148|0x000000008b400000, 0x000000008b500000, 0x000000008b500000|100%|HC|  |TAMS 0x000000008b400000, 0x000000008b400000| Complete 
| 149|0x000000008b500000, 0x000000008b600000, 0x000000008b600000|100%|HC|  |TAMS 0x000000008b500000, 0x000000008b500000| Complete 
| 150|0x000000008b600000, 0x000000008b700000, 0x000000008b700000|100%|HC|  |TAMS 0x000000008b600000, 0x000000008b600000| Complete 
| 151|0x000000008b700000, 0x000000008b800000, 0x000000008b800000|100%|HC|  |TAMS 0x000000008b700000, 0x000000008b700000| Complete 
| 152|0x000000008b800000, 0x000000008b900000, 0x000000008b900000|100%|HC|  |TAMS 0x000000008b800000, 0x000000008b800000| Complete 
| 153|0x000000008b900000, 0x000000008ba00000, 0x000000008ba00000|100%|HC|  |TAMS 0x000000008b900000, 0x000000008b900000| Complete 
| 154|0x000000008ba00000, 0x000000008bb00000, 0x000000008bb00000|100%|HC|  |TAMS 0x000000008ba00000, 0x000000008ba00000| Complete 
| 155|0x000000008bb00000, 0x000000008bc00000, 0x000000008bc00000|100%|HC|  |TAMS 0x000000008bb00000, 0x000000008bb00000| Complete 
| 156|0x000000008bc00000, 0x000000008bd00000, 0x000000008bd00000|100%|HC|  |TAMS 0x000000008bc00000, 0x000000008bc00000| Complete 
| 157|0x000000008bd00000, 0x000000008be00000, 0x000000008be00000|100%|HC|  |TAMS 0x000000008bd00000, 0x000000008bd00000| Complete 
| 158|0x000000008be00000, 0x000000008bf00000, 0x000000008bf00000|100%|HC|  |TAMS 0x000000008be00000, 0x000000008be00000| Complete 
| 159|0x000000008bf00000, 0x000000008c000000, 0x000000008c000000|100%|HC|  |TAMS 0x000000008bf00000, 0x000000008bf00000| Complete 
| 160|0x000000008c000000, 0x000000008c100000, 0x000000008c100000|100%|HC|  |TAMS 0x000000008c000000, 0x000000008c000000| Complete 
| 161|0x000000008c100000, 0x000000008c200000, 0x000000008c200000|100%|HC|  |TAMS 0x000000008c100000, 0x000000008c100000| Complete 
| 162|0x000000008c200000, 0x000000008c300000, 0x000000008c300000|100%|HC|  |TAMS 0x000000008c200000, 0x000000008c200000| Complete 
| 163|0x000000008c300000, 0x000000008c400000, 0x000000008c400000|100%|HC|  |TAMS 0x000000008c300000, 0x000000008c300000| Complete 
| 164|0x000000008c400000, 0x000000008c500000, 0x000000008c500000|100%|HC|  |TAMS 0x000000008c400000, 0x000000008c400000| Complete 
| 165|0x000000008c500000, 0x000000008c600000, 0x000000008c600000|100%|HC|  |TAMS 0x000000008c500000, 0x000000008c500000| Complete 
| 166|0x000000008c600000, 0x000000008c700000, 0x000000008c700000|100%|HC|  |TAMS 0x000000008c600000, 0x000000008c600000| Complete 
| 167|0x000000008c700000, 0x000000008c800000, 0x000000008c800000|100%|HC|  |TAMS 0x000000008c700000, 0x000000008c700000| Complete 
| 168|0x000000008c800000, 0x000000008c900000, 0x000000008c900000|100%|HC|  |TAMS 0x000000008c800000, 0x000000008c800000| Complete 
| 169|0x000000008c900000, 0x000000008ca00000, 0x000000008ca00000|100%|HC|  |TAMS 0x000000008c900000, 0x000000008c900000| Complete 
| 170|0x000000008ca00000, 0x000000008cb00000, 0x000000008cb00000|100%|HC|  |TAMS 0x000000008ca00000, 0x000000008ca00000| Complete 
| 171|0x000000008cb00000, 0x000000008cc00000, 0x000000008cc00000|100%|HC|  |TAMS 0x000000008cb00000, 0x000000008cb00000| Complete 
| 172|0x000000008cc00000, 0x000000008cd00000, 0x000000008cd00000|100%|HC|  |TAMS 0x000000008cc00000, 0x000000008cc00000| Complete 
| 173|0x000000008cd00000, 0x000000008ce00000, 0x000000008ce00000|100%|HC|  |TAMS 0x000000008cd00000, 0x000000008cd00000| Complete 
| 174|0x000000008ce00000, 0x000000008cf00000, 0x000000008cf00000|100%|HC|  |TAMS 0x000000008ce00000, 0x000000008ce00000| Complete 
| 175|0x000000008cf00000, 0x000000008d000000, 0x000000008d000000|100%|HC|  |TAMS 0x000000008cf00000, 0x000000008cf00000| Complete 
| 176|0x000000008d000000, 0x000000008d100000, 0x000000008d100000|100%|HC|  |TAMS 0x000000008d000000, 0x000000008d000000| Complete 
| 177|0x000000008d100000, 0x000000008d200000, 0x000000008d200000|100%|HC|  |TAMS 0x000000008d100000, 0x000000008d100000| Complete 
| 178|0x000000008d200000, 0x000000008d300000, 0x000000008d300000|100%|HC|  |TAMS 0x000000008d200000, 0x000000008d200000| Complete 
| 179|0x000000008d300000, 0x000000008d400000, 0x000000008d400000|100%|HC|  |TAMS 0x000000008d300000, 0x000000008d300000| Complete 
| 180|0x000000008d400000, 0x000000008d500000, 0x000000008d500000|100%|HC|  |TAMS 0x000000008d400000, 0x000000008d400000| Complete 
| 181|0x000000008d500000, 0x000000008d600000, 0x000000008d600000|100%|HC|  |TAMS 0x000000008d500000, 0x000000008d500000| Complete 
| 182|0x000000008d600000, 0x000000008d700000, 0x000000008d700000|100%|HC|  |TAMS 0x000000008d600000, 0x000000008d600000| Complete 
| 183|0x000000008d700000, 0x000000008d800000, 0x000000008d800000|100%|HC|  |TAMS 0x000000008d700000, 0x000000008d700000| Complete 
| 184|0x000000008d800000, 0x000000008d900000, 0x000000008d900000|100%|HC|  |TAMS 0x000000008d800000, 0x000000008d800000| Complete 
| 185|0x000000008d900000, 0x000000008da00000, 0x000000008da00000|100%|HC|  |TAMS 0x000000008d900000, 0x000000008d900000| Complete 
| 186|0x000000008da00000, 0x000000008db00000, 0x000000008db00000|100%|HC|  |TAMS 0x000000008da00000, 0x000000008da00000| Complete 
| 187|0x000000008db00000, 0x000000008dc00000, 0x000000008dc00000|100%|HC|  |TAMS 0x000000008db00000, 0x000000008db00000| Complete 
| 188|0x000000008dc00000, 0x000000008dd00000, 0x000000008dd00000|100%|HC|  |TAMS 0x000000008dc00000, 0x000000008dc00000| Complete 
| 189|0x000000008dd00000, 0x000000008de00000, 0x000000008de00000|100%|HC|  |TAMS 0x000000008dd00000, 0x000000008dd00000| Complete 
| 190|0x000000008de00000, 0x000000008df00000, 0x000000008df00000|100%|HC|  |TAMS 0x000000008de00000, 0x000000008de00000| Complete 
| 191|0x000000008df00000, 0x000000008e000000, 0x000000008e000000|100%|HC|  |TAMS 0x000000008df00000, 0x000000008df00000| Complete 
| 192|0x000000008e000000, 0x000000008e100000, 0x000000008e100000|100%|HC|  |TAMS 0x000000008e000000, 0x000000008e000000| Complete 
| 193|0x000000008e100000, 0x000000008e200000, 0x000000008e200000|100%|HC|  |TAMS 0x000000008e100000, 0x000000008e100000| Complete 
| 194|0x000000008e200000, 0x000000008e300000, 0x000000008e300000|100%|HC|  |TAMS 0x000000008e200000, 0x000000008e200000| Complete 
| 195|0x000000008e300000, 0x000000008e400000, 0x000000008e400000|100%|HC|  |TAMS 0x000000008e300000, 0x000000008e300000| Complete 
| 196|0x000000008e400000, 0x000000008e500000, 0x000000008e500000|100%|HC|  |TAMS 0x000000008e400000, 0x000000008e400000| Complete 
| 197|0x000000008e500000, 0x000000008e600000, 0x000000008e600000|100%|HC|  |TAMS 0x000000008e500000, 0x000000008e500000| Complete 
| 198|0x000000008e600000, 0x000000008e700000, 0x000000008e700000|100%|HC|  |TAMS 0x000000008e600000, 0x000000008e600000| Complete 
| 199|0x000000008e700000, 0x000000008e800000, 0x000000008e800000|100%|HC|  |TAMS 0x000000008e700000, 0x000000008e700000| Complete 
| 200|0x000000008e800000, 0x000000008e900000, 0x000000008e900000|100%|HC|  |TAMS 0x000000008e800000, 0x000000008e800000| Complete 
| 201|0x000000008e900000, 0x000000008ea00000, 0x000000008ea00000|100%|HC|  |TAMS 0x000000008e900000, 0x000000008e900000| Complete 
| 202|0x000000008ea00000, 0x000000008eb00000, 0x000000008eb00000|100%|HC|  |TAMS 0x000000008ea00000, 0x000000008ea00000| Complete 
| 203|0x000000008eb00000, 0x000000008ec00000, 0x000000008ec00000|100%|HC|  |TAMS 0x000000008eb00000, 0x000000008eb00000| Complete 
| 204|0x000000008ec00000, 0x000000008ed00000, 0x000000008ed00000|100%|HS|  |TAMS 0x000000008ec00000, 0x000000008ec00000| Complete 
| 205|0x000000008ed00000, 0x000000008ee00000, 0x000000008ee00000|100%|HC|  |TAMS 0x000000008ed00000, 0x000000008ed00000| Complete 
| 206|0x000000008ee00000, 0x000000008ef00000, 0x000000008ef00000|100%|HC|  |TAMS 0x000000008ee00000, 0x000000008ee00000| Complete 
| 207|0x000000008ef00000, 0x000000008f000000, 0x000000008f000000|100%|HC|  |TAMS 0x000000008ef00000, 0x000000008ef00000| Complete 
| 208|0x000000008f000000, 0x000000008f100000, 0x000000008f100000|100%|HC|  |TAMS 0x000000008f000000, 0x000000008f000000| Complete 
| 209|0x000000008f100000, 0x000000008f200000, 0x000000008f200000|100%|HC|  |TAMS 0x000000008f100000, 0x000000008f100000| Complete 
| 210|0x000000008f200000, 0x000000008f300000, 0x000000008f300000|100%|HC|  |TAMS 0x000000008f200000, 0x000000008f200000| Complete 
| 211|0x000000008f300000, 0x000000008f400000, 0x000000008f400000|100%|HC|  |TAMS 0x000000008f300000, 0x000000008f300000| Complete 
| 212|0x000000008f400000, 0x000000008f500000, 0x000000008f500000|100%|HC|  |TAMS 0x000000008f400000, 0x000000008f400000| Complete 
| 213|0x000000008f500000, 0x000000008f600000, 0x000000008f600000|100%|HC|  |TAMS 0x000000008f500000, 0x000000008f500000| Complete 
| 214|0x000000008f600000, 0x000000008f700000, 0x000000008f700000|100%|HC|  |TAMS 0x000000008f600000, 0x000000008f600000| Complete 
| 215|0x000000008f700000, 0x000000008f800000, 0x000000008f800000|100%|HC|  |TAMS 0x000000008f700000, 0x000000008f700000| Complete 
| 216|0x000000008f800000, 0x000000008f900000, 0x000000008f900000|100%|HC|  |TAMS 0x000000008f800000, 0x000000008f800000| Complete 
| 217|0x000000008f900000, 0x000000008fa00000, 0x000000008fa00000|100%|HC|  |TAMS 0x000000008f900000, 0x000000008f900000| Complete 
| 218|0x000000008fa00000, 0x000000008fb00000, 0x000000008fb00000|100%|HC|  |TAMS 0x000000008fa00000, 0x000000008fa00000| Complete 
| 219|0x000000008fb00000, 0x000000008fc00000, 0x000000008fc00000|100%|HC|  |TAMS 0x000000008fb00000, 0x000000008fb00000| Complete 
| 220|0x000000008fc00000, 0x000000008fd00000, 0x000000008fd00000|100%|HC|  |TAMS 0x000000008fc00000, 0x000000008fc00000| Complete 
| 221|0x000000008fd00000, 0x000000008fe00000, 0x000000008fe00000|100%|HC|  |TAMS 0x000000008fd00000, 0x000000008fd00000| Complete 
| 222|0x000000008fe00000, 0x000000008ff00000, 0x000000008ff00000|100%|HC|  |TAMS 0x000000008fe00000, 0x000000008fe00000| Complete 
| 223|0x000000008ff00000, 0x0000000090000000, 0x0000000090000000|100%|HC|  |TAMS 0x000000008ff00000, 0x000000008ff00000| Complete 
| 224|0x0000000090000000, 0x0000000090100000, 0x0000000090100000|100%|HC|  |TAMS 0x0000000090000000, 0x0000000090000000| Complete 
| 225|0x0000000090100000, 0x0000000090200000, 0x0000000090200000|100%|HC|  |TAMS 0x0000000090100000, 0x0000000090100000| Complete 
| 226|0x0000000090200000, 0x0000000090300000, 0x0000000090300000|100%|HC|  |TAMS 0x0000000090200000, 0x0000000090200000| Complete 
| 227|0x0000000090300000, 0x0000000090400000, 0x0000000090400000|100%|HC|  |TAMS 0x0000000090300000, 0x0000000090300000| Complete 
| 228|0x0000000090400000, 0x0000000090500000, 0x0000000090500000|100%|HC|  |TAMS 0x0000000090400000, 0x0000000090400000| Complete 
| 229|0x0000000090500000, 0x0000000090600000, 0x0000000090600000|100%|HC|  |TAMS 0x0000000090500000, 0x0000000090500000| Complete 
| 230|0x0000000090600000, 0x0000000090700000, 0x0000000090700000|100%|HC|  |TAMS 0x0000000090600000, 0x0000000090600000| Complete 
| 231|0x0000000090700000, 0x0000000090800000, 0x0000000090800000|100%|HC|  |TAMS 0x0000000090700000, 0x0000000090700000| Complete 
| 232|0x0000000090800000, 0x0000000090900000, 0x0000000090900000|100%|HC|  |TAMS 0x0000000090800000, 0x0000000090800000| Complete 
| 233|0x0000000090900000, 0x0000000090a00000, 0x0000000090a00000|100%|HC|  |TAMS 0x0000000090900000, 0x0000000090900000| Complete 
| 234|0x0000000090a00000, 0x0000000090b00000, 0x0000000090b00000|100%|HC|  |TAMS 0x0000000090a00000, 0x0000000090a00000| Complete 
| 235|0x0000000090b00000, 0x0000000090c00000, 0x0000000090c00000|100%|HC|  |TAMS 0x0000000090b00000, 0x0000000090b00000| Complete 
| 236|0x0000000090c00000, 0x0000000090d00000, 0x0000000090d00000|100%|HC|  |TAMS 0x0000000090c00000, 0x0000000090c00000| Complete 
| 237|0x0000000090d00000, 0x0000000090e00000, 0x0000000090e00000|100%|HC|  |TAMS 0x0000000090d00000, 0x0000000090d00000| Complete 
| 238|0x0000000090e00000, 0x0000000090f00000, 0x0000000090f00000|100%|HC|  |TAMS 0x0000000090e00000, 0x0000000090e00000| Complete 
| 239|0x0000000090f00000, 0x0000000091000000, 0x0000000091000000|100%|HC|  |TAMS 0x0000000090f00000, 0x0000000090f00000| Complete 
| 240|0x0000000091000000, 0x0000000091100000, 0x0000000091100000|100%|HC|  |TAMS 0x0000000091000000, 0x0000000091000000| Complete 
| 241|0x0000000091100000, 0x0000000091200000, 0x0000000091200000|100%|HC|  |TAMS 0x0000000091100000, 0x0000000091100000| Complete 
| 242|0x0000000091200000, 0x0000000091300000, 0x0000000091300000|100%|HC|  |TAMS 0x0000000091200000, 0x0000000091200000| Complete 
| 243|0x0000000091300000, 0x0000000091400000, 0x0000000091400000|100%|HC|  |TAMS 0x0000000091300000, 0x0000000091300000| Complete 
| 244|0x0000000091400000, 0x0000000091500000, 0x0000000091500000|100%|HC|  |TAMS 0x0000000091400000, 0x0000000091400000| Complete 
| 245|0x0000000091500000, 0x0000000091600000, 0x0000000091600000|100%|HC|  |TAMS 0x0000000091500000, 0x0000000091500000| Complete 
| 246|0x0000000091600000, 0x0000000091700000, 0x0000000091700000|100%|HC|  |TAMS 0x0000000091600000, 0x0000000091600000| Complete 
| 247|0x0000000091700000, 0x0000000091800000, 0x0000000091800000|100%|HC|  |TAMS 0x0000000091700000, 0x0000000091700000| Complete 
| 248|0x0000000091800000, 0x0000000091900000, 0x0000000091900000|100%|HC|  |TAMS 0x0000000091800000, 0x0000000091800000| Complete 
| 249|0x0000000091900000, 0x0000000091a00000, 0x0000000091a00000|100%|HC|  |TAMS 0x0000000091900000, 0x0000000091900000| Complete 
| 250|0x0000000091a00000, 0x0000000091b00000, 0x0000000091b00000|100%|HC|  |TAMS 0x0000000091a00000, 0x0000000091a00000| Complete 
| 251|0x0000000091b00000, 0x0000000091c00000, 0x0000000091c00000|100%|HC|  |TAMS 0x0000000091b00000, 0x0000000091b00000| Complete 
| 252|0x0000000091c00000, 0x0000000091d00000, 0x0000000091d00000|100%|HC|  |TAMS 0x0000000091c00000, 0x0000000091c00000| Complete 
| 253|0x0000000091d00000, 0x0000000091e00000, 0x0000000091e00000|100%|HC|  |TAMS 0x0000000091d00000, 0x0000000091d00000| Complete 
| 254|0x0000000091e00000, 0x0000000091f00000, 0x0000000091f00000|100%|HC|  |TAMS 0x0000000091e00000, 0x0000000091e00000| Complete 
| 255|0x0000000091f00000, 0x0000000092000000, 0x0000000092000000|100%|HC|  |TAMS 0x0000000091f00000, 0x0000000091f00000| Complete 
| 256|0x0000000092000000, 0x0000000092100000, 0x0000000092100000|100%|HC|  |TAMS 0x0000000092000000, 0x0000000092000000| Complete 
| 257|0x0000000092100000, 0x0000000092200000, 0x0000000092200000|100%|HC|  |TAMS 0x0000000092100000, 0x0000000092100000| Complete 
| 258|0x0000000092200000, 0x0000000092300000, 0x0000000092300000|100%|HC|  |TAMS 0x0000000092200000, 0x0000000092200000| Complete 
| 259|0x0000000092300000, 0x0000000092400000, 0x0000000092400000|100%|HC|  |TAMS 0x0000000092300000, 0x0000000092300000| Complete 
| 260|0x0000000092400000, 0x0000000092500000, 0x0000000092500000|100%|HC|  |TAMS 0x0000000092400000, 0x0000000092400000| Complete 
| 261|0x0000000092500000, 0x0000000092600000, 0x0000000092600000|100%|HC|  |TAMS 0x0000000092500000, 0x0000000092500000| Complete 
| 262|0x0000000092600000, 0x0000000092700000, 0x0000000092700000|100%|HC|  |TAMS 0x0000000092600000, 0x0000000092600000| Complete 
| 263|0x0000000092700000, 0x0000000092800000, 0x0000000092800000|100%|HC|  |TAMS 0x0000000092700000, 0x0000000092700000| Complete 
| 264|0x0000000092800000, 0x0000000092900000, 0x0000000092900000|100%|HC|  |TAMS 0x0000000092800000, 0x0000000092800000| Complete 
| 265|0x0000000092900000, 0x0000000092a00000, 0x0000000092a00000|100%|HC|  |TAMS 0x0000000092900000, 0x0000000092900000| Complete 
| 266|0x0000000092a00000, 0x0000000092b00000, 0x0000000092b00000|100%|HC|  |TAMS 0x0000000092a00000, 0x0000000092a00000| Complete 
| 267|0x0000000092b00000, 0x0000000092c00000, 0x0000000092c00000|100%|HC|  |TAMS 0x0000000092b00000, 0x0000000092b00000| Complete 
| 268|0x0000000092c00000, 0x0000000092d00000, 0x0000000092d00000|100%|HC|  |TAMS 0x0000000092c00000, 0x0000000092c00000| Complete 
| 269|0x0000000092d00000, 0x0000000092e00000, 0x0000000092e00000|100%|HC|  |TAMS 0x0000000092d00000, 0x0000000092d00000| Complete 
| 270|0x0000000092e00000, 0x0000000092f00000, 0x0000000092f00000|100%|HC|  |TAMS 0x0000000092e00000, 0x0000000092e00000| Complete 
| 271|0x0000000092f00000, 0x0000000093000000, 0x0000000093000000|100%|HC|  |TAMS 0x0000000092f00000, 0x0000000092f00000| Complete 
| 272|0x0000000093000000, 0x0000000093100000, 0x0000000093100000|100%|HC|  |TAMS 0x0000000093000000, 0x0000000093000000| Complete 
| 273|0x0000000093100000, 0x0000000093200000, 0x0000000093200000|100%|HC|  |TAMS 0x0000000093100000, 0x0000000093100000| Complete 
| 274|0x0000000093200000, 0x0000000093300000, 0x0000000093300000|100%|HC|  |TAMS 0x0000000093200000, 0x0000000093200000| Complete 
| 275|0x0000000093300000, 0x0000000093400000, 0x0000000093400000|100%|HC|  |TAMS 0x0000000093300000, 0x0000000093300000| Complete 
| 276|0x0000000093400000, 0x0000000093500000, 0x0000000093500000|100%|HC|  |TAMS 0x0000000093400000, 0x0000000093400000| Complete 
| 277|0x0000000093500000, 0x0000000093600000, 0x0000000093600000|100%|HC|  |TAMS 0x0000000093500000, 0x0000000093500000| Complete 
| 278|0x0000000093600000, 0x0000000093700000, 0x0000000093700000|100%|HC|  |TAMS 0x0000000093600000, 0x0000000093600000| Complete 
| 279|0x0000000093700000, 0x0000000093800000, 0x0000000093800000|100%|HC|  |TAMS 0x0000000093700000, 0x0000000093700000| Complete 
| 280|0x0000000093800000, 0x0000000093900000, 0x0000000093900000|100%|HC|  |TAMS 0x0000000093800000, 0x0000000093800000| Complete 
| 281|0x0000000093900000, 0x0000000093a00000, 0x0000000093a00000|100%|HC|  |TAMS 0x0000000093900000, 0x0000000093900000| Complete 

Card table byte_map: [0x000002a7f6a30000,0x000002a7f6e20000] _byte_map_base: 0x000002a7f6620000

Marking Bits (Prev, Next): (CMBitMap*) 0x000002a7dfe305a0, (CMBitMap*) 0x000002a7dfe30560
 Prev Bits: [0x000002a7f9190000, 0x000002a7fb110000)
 Next Bits: [0x000002a7f7210000, 0x000002a7f9190000)

Polling page: 0x000002a7ddc50000

Metaspace:

Usage:
  Non-class:     10.49 MB used.
      Class:      1.66 MB used.
       Both:     12.15 MB used.

Virtual space:
  Non-class space:       64.00 MB reserved,      10.56 MB ( 17%) committed,  1 nodes.
      Class space:        1.00 GB reserved,       1.75 MB ( <1%) committed,  1 nodes.
             Both:        1.06 GB reserved,      12.31 MB (  1%) committed. 

Chunk freelists:
   Non-Class:  3.70 MB
       Class:  14.22 MB
        Both:  17.92 MB

MaxMetaspaceSize: unlimited
CompressedClassSpaceSize: 1.00 GB
Initial GC threshold: 21.00 MB
Current GC threshold: 21.00 MB
CDS: on
MetaspaceReclaimPolicy: balanced
 - commit_granule_bytes: 65536.
 - commit_granule_words: 8192.
 - virtual_space_node_default_size: 8388608.
 - enlarge_chunks_in_place: 1.
 - new_chunks_are_fully_committed: 0.
 - uncommit_free_chunks: 1.
 - use_allocation_guard: 0.
 - handle_deallocations: 1.


Internal statistics:

num_allocs_failed_limit: 0.
num_arena_births: 142.
num_arena_deaths: 0.
num_vsnodes_births: 2.
num_vsnodes_deaths: 0.
num_space_committed: 197.
num_space_uncommitted: 0.
num_chunks_returned_to_freelist: 0.
num_chunks_taken_from_freelist: 569.
num_chunk_merges: 0.
num_chunk_splits: 406.
num_chunks_enlarged: 340.
num_purges: 0.
num_inconsistent_stats: 0.

CodeHeap 'non-profiled nmethods': size=120000Kb used=1510Kb max_used=1510Kb free=118489Kb
 bounds [0x000002a7ef110000, 0x000002a7ef380000, 0x000002a7f6640000]
CodeHeap 'profiled nmethods': size=120000Kb used=5274Kb max_used=5274Kb free=114725Kb
 bounds [0x000002a7e7640000, 0x000002a7e7b70000, 0x000002a7eeb70000]
CodeHeap 'non-nmethods': size=5760Kb used=1402Kb max_used=1485Kb free=4357Kb
 bounds [0x000002a7eeb70000, 0x000002a7eede0000, 0x000002a7ef110000]
 total_blobs=3621 nmethods=2867 adapters=665
 compilation: enabled
              stopped_count=0, restarted_count=0
 full_count=0

Compilation events (20 events):
Event: 11.982 Thread 0x000002a7fd5fb650 2856       3       com.sun.javafx.geom.DirtyRegionContainer::roundOut (26 bytes)
Event: 11.983 Thread 0x000002a7fd5fb650 nmethod 2856 0x000002a7e7b5bb10 code [0x000002a7e7b5bcc0, 0x000002a7e7b5bee8]
Event: 12.045 Thread 0x000002a7fd5fb650 2857       3       com.sun.javafx.sg.prism.NGNode::computeDirtyRegion (95 bytes)
Event: 12.048 Thread 0x000002a7fd5fb650 nmethod 2857 0x000002a7e7b5c010 code [0x000002a7e7b5c260, 0x000002a7e7b5cad8]
Event: 12.128 Thread 0x000002a7fd5fb650 2859       3       javafx.scene.Node::getPeer (57 bytes)
Event: 12.129 Thread 0x000002a7fd5fb650 nmethod 2859 0x000002a7e7b5ce10 code [0x000002a7e7b5cfe0, 0x000002a7e7b5d378]
Event: 12.146 Thread 0x000002a7fd5fb650 2860       3       com.sun.javafx.geom.RectBounds::deriveWithNewBounds (96 bytes)
Event: 12.150 Thread 0x000002a7fd5fb650 nmethod 2860 0x000002a7e7b5d490 code [0x000002a7e7b5d6e0, 0x000002a7e7b5e128]
Event: 12.179 Thread 0x000002a7fd5fb650 2861       3       com.sun.javafx.geom.Rectangle::<init> (21 bytes)
Event: 12.181 Thread 0x000002a7fd5fb650 nmethod 2861 0x000002a7e7b5e410 code [0x000002a7e7b5e5c0, 0x000002a7e7b5e7b8]
Event: 12.181 Thread 0x000002a7fd5fb650 2862       3       com.sun.javafx.sg.prism.NodePath::isEmpty (10 bytes)
Event: 12.183 Thread 0x000002a7fd5fb650 nmethod 2862 0x000002a7e7b5e910 code [0x000002a7e7b5eac0, 0x000002a7e7b5ec88]
Event: 12.425 Thread 0x000002a7fd5fb650 2863       3       javafx.animation.FadeTransition::interpolate (29 bytes)
Event: 12.426 Thread 0x000002a7fd5fb650 nmethod 2863 0x000002a7e7b5ed90 code [0x000002a7e7b5ef80, 0x000002a7e7b5f298]
Event: 12.762 Thread 0x000002a7fd5fb650 2864       3       com.sun.javafx.sg.prism.NGNode::renderOpacity (322 bytes)
Event: 12.776 Thread 0x000002a7fd5fb650 nmethod 2864 0x000002a7e7b5f410 code [0x000002a7e7b5f8c0, 0x000002a7e7b62918]
Event: 12.812 Thread 0x000002a7fd5fb650 2865       3       com.sun.javafx.sg.prism.NGNode::getRenderRoot (90 bytes)
Event: 12.815 Thread 0x000002a7fd5fb650 nmethod 2865 0x000002a7e7b63810 code [0x000002a7e7b63a40, 0x000002a7e7b642c8]
Event: 12.815 Thread 0x000002a7fd5fb650 2866       3       com.sun.javafx.geom.RectBounds::intersectWith (77 bytes)
Event: 12.817 Thread 0x000002a7fd5fb650 nmethod 2866 0x000002a7e7b64510 code [0x000002a7e7b64700, 0x000002a7e7b64c38]

GC Heap History (6 events):
Event: 0.553 GC heap before
{Heap before GC invocations=0 (full 0):
 garbage-first heap   total 129024K, used 13312K [0x0000000082000000, 0x0000000100000000)
  region size 1024K, 13 young (13312K), 0 survivors (0K)
 Metaspace       used 2446K, committed 2688K, reserved 1114112K
  class space    used 259K, committed 384K, reserved 1048576K
}
Event: 0.558 GC heap after
{Heap after GC invocations=1 (full 0):
 garbage-first heap   total 129024K, used 1661K [0x0000000082000000, 0x0000000100000000)
  region size 1024K, 2 young (2048K), 2 survivors (2048K)
 Metaspace       used 2446K, committed 2688K, reserved 1114112K
  class space    used 259K, committed 384K, reserved 1048576K
}
Event: 1.464 GC heap before
{Heap before GC invocations=1 (full 0):
 garbage-first heap   total 129024K, used 76413K [0x0000000082000000, 0x0000000100000000)
  region size 1024K, 19 young (19456K), 2 survivors (2048K)
 Metaspace       used 6245K, committed 6400K, reserved 1114112K
  class space    used 810K, committed 896K, reserved 1048576K
}
Event: 1.470 GC heap after
{Heap after GC invocations=2 (full 0):
 garbage-first heap   total 129024K, used 65036K [0x0000000082000000, 0x0000000100000000)
  region size 1024K, 3 young (3072K), 3 survivors (3072K)
 Metaspace       used 6245K, committed 6400K, reserved 1114112K
  class space    used 810K, committed 896K, reserved 1048576K
}
Event: 5.697 GC heap before
{Heap before GC invocations=2 (full 0):
 garbage-first heap   total 129024K, used 81420K [0x0000000082000000, 0x0000000100000000)
  region size 1024K, 20 young (20480K), 3 survivors (3072K)
 Metaspace       used 10931K, committed 11072K, reserved 1114112K
  class space    used 1504K, committed 1600K, reserved 1048576K
}
Event: 5.702 GC heap after
{Heap after GC invocations=3 (full 0):
 garbage-first heap   total 129024K, used 67006K [0x0000000082000000, 0x0000000100000000)
  region size 1024K, 2 young (2048K), 2 survivors (2048K)
 Metaspace       used 10931K, committed 11072K, reserved 1114112K
  class space    used 1504K, committed 1600K, reserved 1048576K
}

Deoptimization events (20 events):
Event: 11.411 Thread 0x000002a7fdb68060 Uncommon trap: trap_request=0xffffffc6 fr.pc=0x000002a7ef21f9d4 relative=0x0000000000000274
Event: 11.411 Thread 0x000002a7fdb68060 Uncommon trap: reason=bimorphic_or_optimized_type_check action=maybe_recompile pc=0x000002a7ef21f9d4 method=com.sun.javafx.sg.prism.NGGroup.renderForcedContent(Lcom/sun/prism/Graphics;)V @ 33 c2
Event: 11.411 Thread 0x000002a7fdb68060 DEOPT PACKING pc=0x000002a7ef21f9d4 sp=0x000000ec77bfed20
Event: 11.411 Thread 0x000002a7fdb68060 DEOPT UNPACKING pc=0x000002a7eebc23a3 sp=0x000000ec77bfecc8 mode 2
Event: 11.428 Thread 0x000002a7fdb68060 Uncommon trap: trap_request=0xffffffde fr.pc=0x000002a7ef26d6a0 relative=0x0000000000005220
Event: 11.429 Thread 0x000002a7fdb68060 Uncommon trap: reason=class_check action=maybe_recompile pc=0x000002a7ef26d6a0 method=com.sun.javafx.sg.prism.NGNode.renderOpacity(Lcom/sun/prism/Graphics;)V @ 22 c2
Event: 11.429 Thread 0x000002a7fdb68060 DEOPT PACKING pc=0x000002a7ef26d6a0 sp=0x000000ec77bfe790
Event: 11.429 Thread 0x000002a7fdb68060 DEOPT UNPACKING pc=0x000002a7eebc23a3 sp=0x000000ec77bfe6e0 mode 2
Event: 11.429 Thread 0x000002a7fdb68060 Uncommon trap: trap_request=0xffffffc6 fr.pc=0x000002a7ef21f9d4 relative=0x0000000000000274
Event: 11.429 Thread 0x000002a7fdb68060 Uncommon trap: reason=bimorphic_or_optimized_type_check action=maybe_recompile pc=0x000002a7ef21f9d4 method=com.sun.javafx.sg.prism.NGGroup.renderForcedContent(Lcom/sun/prism/Graphics;)V @ 33 c2
Event: 11.429 Thread 0x000002a7fdb68060 DEOPT PACKING pc=0x000002a7ef21f9d4 sp=0x000000ec77bfed20
Event: 11.429 Thread 0x000002a7fdb68060 DEOPT UNPACKING pc=0x000002a7eebc23a3 sp=0x000000ec77bfecc8 mode 2
Event: 11.445 Thread 0x000002a7fdb68060 Uncommon trap: trap_request=0xffffffde fr.pc=0x000002a7ef26d6a0 relative=0x0000000000005220
Event: 11.445 Thread 0x000002a7fdb68060 Uncommon trap: reason=class_check action=maybe_recompile pc=0x000002a7ef26d6a0 method=com.sun.javafx.sg.prism.NGNode.renderOpacity(Lcom/sun/prism/Graphics;)V @ 22 c2
Event: 11.445 Thread 0x000002a7fdb68060 DEOPT PACKING pc=0x000002a7ef26d6a0 sp=0x000000ec77bfe790
Event: 11.445 Thread 0x000002a7fdb68060 DEOPT UNPACKING pc=0x000002a7eebc23a3 sp=0x000000ec77bfe6e0 mode 2
Event: 11.445 Thread 0x000002a7fdb68060 Uncommon trap: trap_request=0xffffffc6 fr.pc=0x000002a7ef21f9d4 relative=0x0000000000000274
Event: 11.445 Thread 0x000002a7fdb68060 Uncommon trap: reason=bimorphic_or_optimized_type_check action=maybe_recompile pc=0x000002a7ef21f9d4 method=com.sun.javafx.sg.prism.NGGroup.renderForcedContent(Lcom/sun/prism/Graphics;)V @ 33 c2
Event: 11.445 Thread 0x000002a7fdb68060 DEOPT PACKING pc=0x000002a7ef21f9d4 sp=0x000000ec77bfed20
Event: 11.446 Thread 0x000002a7fdb68060 DEOPT UNPACKING pc=0x000002a7eebc23a3 sp=0x000000ec77bfecc8 mode 2

Classes unloaded (0 events):
No events

Classes redefined (0 events):
No events

Internal exceptions (20 events):
Event: 1.187 Thread 0x000002a7fdbffc40 Exception <a 'java/lang/NullPointerException'{0x00000000896fda70}> (0x00000000896fda70) 
thrown [s\open\src\hotspot\share\interpreter\linkResolver.cpp, line 1350]
Event: 1.300 Thread 0x000002a7fdbffc40 Exception <a 'java/lang/ClassNotFoundException'{0x00000000895f5318}: com/sun/glass/ui/win/themes> (0x00000000895f5318) 
thrown [s\open\src\hotspot\share\prims\jni.cpp, line 535]
Event: 1.303 Thread 0x000002a7fdbffc40 Exception <a 'java/lang/ClassNotFoundException'{0x00000000895fd4f8}: com/sun/glass/ui/win/themes_en> (0x00000000895fd4f8) 
thrown [s\open\src\hotspot\share\prims\jni.cpp, line 535]
Event: 1.303 Thread 0x000002a7fdbffc40 Exception <a 'java/lang/ClassNotFoundException'{0x00000000895ff268}: com/sun/glass/ui/win/themes_en_IN> (0x00000000895ff268) 
thrown [s\open\src\hotspot\share\prims\jni.cpp, line 535]
Event: 1.506 Thread 0x000002a7fdbffc40 Exception <a 'java/lang/NoSuchMethodError'{0x0000000089cc15e8}: 'void java.lang.invoke.DirectMethodHandle$Holder.invokeStaticInit(java.lang.Object, java.lang.Object)'> (0x0000000089cc15e8) 
thrown [s\open\src\hotspot\share\interpreter\linkResolver.cpp, line 759]
Event: 1.594 Thread 0x000002a7fdbffc40 Implicit null exception at 0x000002a7ef130560 to 0x000002a7ef1305fa
Event: 1.603 Thread 0x000002a7fdbffc40 Implicit null exception at 0x000002a7ef174c8f to 0x000002a7ef1751f8
Event: 1.603 Thread 0x000002a7fdbffc40 Implicit null exception at 0x000002a7ef16ef0f to 0x000002a7ef16f48c
Event: 1.768 Thread 0x000002a7fdbffc40 Exception <a 'java/lang/ClassNotFoundException'{0x00000000894671b8}: com/sun/javafx/scene/control/skin/resources/controls> (0x00000000894671b8) 
thrown [s\open\src\hotspot\share\prims\jni.cpp, line 535]
Event: 1.770 Thread 0x000002a7fdbffc40 Exception <a 'java/lang/ClassNotFoundException'{0x0000000089476bd8}: com/sun/javafx/scene/control/skin/resources/controls_en> (0x0000000089476bd8) 
thrown [s\open\src\hotspot\share\prims\jni.cpp, line 535]
Event: 1.770 Thread 0x000002a7fdbffc40 Exception <a 'java/lang/ClassNotFoundException'{0x00000000894792b0}: com/sun/javafx/scene/control/skin/resources/controls_en_IN> (0x00000000894792b0) 
thrown [s\open\src\hotspot\share\prims\jni.cpp, line 535]
Event: 1.777 Thread 0x000002a7fdbffc40 Exception <a 'java/lang/NoSuchMethodError'{0x00000000894a5178}: 'void java.lang.invoke.DirectMethodHandle$Holder.invokeSpecial(java.lang.Object, java.lang.Object, java.lang.Object, java.lang.Object, java.lang.Object)'> (0x00000000894a5178) 
thrown [s\open\src\hotspot\share\interpreter\linkResolver.cpp, line 759]
Event: 1.782 Thread 0x000002a7fdbffc40 Exception <a 'java/lang/NoSuchMethodError'{0x00000000894cbaa0}: 'java.lang.Object java.lang.invoke.DirectMethodHandle$Holder.invokeInterface(java.lang.Object, java.lang.Object, java.lang.Object)'> (0x00000000894cbaa0) 
thrown [s\open\src\hotspot\share\interpreter\linkResolver.cpp, line 759]
Event: 1.783 Thread 0x000002a7fdbffc40 Exception <a 'java/lang/IncompatibleClassChangeError'{0x00000000894cf428}: Found class java.lang.Object, but interface was expected> (0x00000000894cf428) 
thrown [s\open\src\hotspot\share\interpreter\linkResolver.cpp, line 826]
Event: 1.851 Thread 0x000002a7fdbffc40 Exception <a 'java/lang/NoSuchMethodError'{0x000000008929b4b0}: 'java.lang.Object java.lang.invoke.DirectMethodHandle$Holder.newInvokeSpecial(java.lang.Object, java.lang.Object, int)'> (0x000000008929b4b0) 
thrown [s\open\src\hotspot\share\interpreter\linkResolver.cpp, line 759]
Event: 1.891 Thread 0x000002a7fdbffc40 Exception <a 'java/lang/NoSuchMethodError'{0x00000000892b81f8}: 'long java.lang.invoke.DirectMethodHandle$Holder.invokeStatic(java.lang.Object, java.lang.Object, java.lang.Object)'> (0x00000000892b81f8) 
thrown [s\open\src\hotspot\share\interpreter\linkResolver.cpp, line 759]
Event: 1.891 Thread 0x000002a7fdbffc40 Exception <a 'java/lang/NoSuchMethodError'{0x00000000892bbc48}: 'long java.lang.invoke.DirectMethodHandle$Holder.invokeStaticInit(java.lang.Object, java.lang.Object, java.lang.Object)'> (0x00000000892bbc48) 
thrown [s\open\src\hotspot\share\interpreter\linkResolver.cpp, line 759]
Event: 1.895 Thread 0x000002a7fdbffc40 Exception <a 'java/lang/NoSuchMethodError'{0x00000000892d3af0}: 'java.lang.Object java.lang.invoke.DirectMethodHandle$Holder.newInvokeSpecial(java.lang.Object, java.lang.Object, long)'> (0x00000000892d3af0) 
thrown [s\open\src\hotspot\share\interpreter\linkResolver.cpp, line 759]
Event: 1.896 Thread 0x000002a7fdbffc40 Exception <a 'java/lang/NoSuchMethodError'{0x00000000892d7660}: 'java.lang.Object java.lang.invoke.Invokers$Holder.linkToTargetMethod(java.lang.Object, long, java.lang.Object)'> (0x00000000892d7660) 
thrown [s\open\src\hotspot\share\interpreter\linkResolver.cpp, line 759]
Event: 1.931 Thread 0x000002a7fdb68060 Exception <a 'java/lang/NoSuchMethodError'{0x00000000891879f0}: 'int java.lang.invoke.DirectMethodHandle$Holder.invokeStaticInit(java.lang.Object, java.lang.Object)'> (0x00000000891879f0) 
thrown [s\open\src\hotspot\share\interpreter\linkResolver.cpp, line 759]

VM Operations (20 events):
Event: 5.697 Executing VM operation: G1TryInitiateConcMark
Event: 5.702 Executing VM operation: G1TryInitiateConcMark done
Event: 5.709 Executing VM operation: G1Concurrent
Event: 5.711 Executing VM operation: G1Concurrent done
Event: 5.716 Executing VM operation: G1Concurrent
Event: 5.717 Executing VM operation: G1Concurrent done
Event: 6.718 Executing VM operation: Cleanup
Event: 6.718 Executing VM operation: Cleanup done
Event: 7.719 Executing VM operation: Cleanup
Event: 7.720 Executing VM operation: Cleanup done
Event: 8.720 Executing VM operation: Cleanup
Event: 8.720 Executing VM operation: Cleanup done
Event: 9.720 Executing VM operation: Cleanup
Event: 9.721 Executing VM operation: Cleanup done
Event: 10.721 Executing VM operation: Cleanup
Event: 10.721 Executing VM operation: Cleanup done
Event: 11.295 Executing VM operation: HandshakeAllThreads
Event: 11.295 Executing VM operation: HandshakeAllThreads done
Event: 12.295 Executing VM operation: Cleanup
Event: 12.296 Executing VM operation: Cleanup done

Events (20 events):
Event: 11.279 loading class jdk/internal/icu/impl/ICUBinary$1
Event: 11.279 loading class jdk/internal/icu/impl/ICUBinary$1 done
Event: 11.280 loading class jdk/internal/icu/impl/UBiDiProps$IsAcceptable
Event: 11.280 loading class jdk/internal/icu/impl/ICUBinary$Authenticate
Event: 11.280 loading class jdk/internal/icu/impl/ICUBinary$Authenticate done
Event: 11.280 loading class jdk/internal/icu/impl/UBiDiProps$IsAcceptable done
Event: 11.280 loading class jdk/internal/icu/impl/Trie2_16
Event: 11.281 loading class jdk/internal/icu/impl/Trie2
Event: 11.281 loading class jdk/internal/icu/impl/Trie2 done
Event: 11.281 loading class jdk/internal/icu/impl/Trie2_16 done
Event: 11.281 loading class jdk/internal/icu/impl/Trie2$1
Event: 11.281 loading class jdk/internal/icu/impl/Trie2$ValueMapper
Event: 11.281 loading class jdk/internal/icu/impl/Trie2$ValueMapper done
Event: 11.281 loading class jdk/internal/icu/impl/Trie2$1 done
Event: 11.281 loading class jdk/internal/icu/impl/Trie2$UTrie2Header
Event: 11.281 loading class jdk/internal/icu/impl/Trie2$UTrie2Header done
Event: 11.284 loading class jdk/internal/icu/text/UTF16
Event: 11.284 loading class jdk/internal/icu/text/UTF16 done
Event: 11.284 loading class jdk/internal/icu/text/BidiLine
Event: 11.285 loading class jdk/internal/icu/text/BidiLine done


Dynamic libraries:
0x00007ff6ae9b0000 - 0x00007ff6ae9c0000 	C:\Program Files\Java\jdk-17\bin\java.exe
0x00007ffbadbb0000 - 0x00007ffbadda8000 	C:\Windows\SYSTEM32\ntdll.dll
0x00007ffbabbd0000 - 0x00007ffbabc92000 	C:\Windows\System32\KERNEL32.DLL
0x00007ffbab4d0000 - 0x00007ffbab7c6000 	C:\Windows\System32\KERNELBASE.dll
0x00007ffbab7d0000 - 0x00007ffbab8d0000 	C:\Windows\System32\ucrtbase.dll
0x00007ffba4b80000 - 0x00007ffba4b9b000 	C:\Program Files\Java\jdk-17\bin\VCRUNTIME140.dll
0x00007ffba4e20000 - 0x00007ffba4e39000 	C:\Program Files\Java\jdk-17\bin\jli.dll
0x00007ffbad0d0000 - 0x00007ffbad181000 	C:\Windows\System32\ADVAPI32.dll
0x00007ffbabdf0000 - 0x00007ffbabe8e000 	C:\Windows\System32\msvcrt.dll
0x00007ffbac300000 - 0x00007ffbac39f000 	C:\Windows\System32\sechost.dll
0x00007ffbad3c0000 - 0x00007ffbad4e3000 	C:\Windows\System32\RPCRT4.dll
0x00007ffbab4a0000 - 0x00007ffbab4c7000 	C:\Windows\System32\bcrypt.dll
0x00007ffbad4f0000 - 0x00007ffbad68d000 	C:\Windows\System32\USER32.dll
0x00007ffbab950000 - 0x00007ffbab972000 	C:\Windows\System32\win32u.dll
0x00007ffb99c30000 - 0x00007ffb99eca000 	C:\Windows\WinSxS\amd64_microsoft.windows.common-controls_6595b64144ccf1df_6.0.19041.5915_none_60b4b9d171f9c7c7\COMCTL32.dll
0x00007ffbad040000 - 0x00007ffbad06b000 	C:\Windows\System32\GDI32.dll
0x00007ffbab380000 - 0x00007ffbab499000 	C:\Windows\System32\gdi32full.dll
0x00007ffbab980000 - 0x00007ffbaba1d000 	C:\Windows\System32\msvcp_win.dll
0x00007ffba3c30000 - 0x00007ffba3c3a000 	C:\Windows\SYSTEM32\VERSION.dll
0x00007ffbabdc0000 - 0x00007ffbabdef000 	C:\Windows\System32\IMM32.DLL
0x00007ffba4e10000 - 0x00007ffba4e1c000 	C:\Program Files\Java\jdk-17\bin\vcruntime140_1.dll
0x00007ffb881f0000 - 0x00007ffb8827e000 	C:\Program Files\Java\jdk-17\bin\msvcp140.dll
0x00007ffb229d0000 - 0x00007ffb235ae000 	C:\Program Files\Java\jdk-17\bin\server\jvm.dll
0x00007ffbad3b0000 - 0x00007ffbad3b8000 	C:\Windows\System32\PSAPI.DLL
0x00007ffb991b0000 - 0x00007ffb991d7000 	C:\Windows\SYSTEM32\WINMM.dll
0x00007ffb98d40000 - 0x00007ffb98d49000 	C:\Windows\SYSTEM32\WSOCK32.dll
0x00007ffbad340000 - 0x00007ffbad3ab000 	C:\Windows\System32\WS2_32.dll
0x00007ffba9a20000 - 0x00007ffba9a32000 	C:\Windows\SYSTEM32\kernel.appcore.dll
0x00007ffba4cb0000 - 0x00007ffba4cba000 	C:\Program Files\Java\jdk-17\bin\jimage.dll
0x00007ffba8f50000 - 0x00007ffba9151000 	C:\Windows\SYSTEM32\DBGHELP.DLL
0x00007ffb8bfa0000 - 0x00007ffb8bfd4000 	C:\Windows\SYSTEM32\dbgcore.DLL
0x00007ffbab240000 - 0x00007ffbab2c2000 	C:\Windows\System32\bcryptPrimitives.dll
0x00007ffb96290000 - 0x00007ffb962b5000 	C:\Program Files\Java\jdk-17\bin\java.dll
0x00007ffb85e50000 - 0x00007ffb85f27000 	C:\Program Files\Java\jdk-17\bin\jsvml.dll
0x00007ffbac760000 - 0x00007ffbacece000 	C:\Windows\System32\SHELL32.dll
0x00007ffba9260000 - 0x00007ffba9a04000 	C:\Windows\SYSTEM32\windows.storage.dll
0x00007ffbac400000 - 0x00007ffbac753000 	C:\Windows\System32\combase.dll
0x00007ffbaac70000 - 0x00007ffbaac9b000 	C:\Windows\SYSTEM32\Wldp.dll
0x00007ffbacf70000 - 0x00007ffbad03d000 	C:\Windows\System32\OLEAUT32.dll
0x00007ffbad910000 - 0x00007ffbad9bd000 	C:\Windows\System32\SHCORE.dll
0x00007ffbad8b0000 - 0x00007ffbad90b000 	C:\Windows\System32\shlwapi.dll
0x00007ffbab170000 - 0x00007ffbab194000 	C:\Windows\SYSTEM32\profapi.dll
0x00007ffba4570000 - 0x00007ffba4589000 	C:\Program Files\Java\jdk-17\bin\net.dll
0x00007ffba21c0000 - 0x00007ffba22ca000 	C:\Windows\SYSTEM32\WINHTTP.dll
0x00007ffbaa9b0000 - 0x00007ffbaaa1a000 	C:\Windows\system32\mswsock.dll
0x00007ffba3a00000 - 0x00007ffba3a16000 	C:\Program Files\Java\jdk-17\bin\nio.dll
0x00007ffba3590000 - 0x00007ffba35a8000 	C:\Program Files\Java\jdk-17\bin\zip.dll
0x000002a7ddd90000 - 0x000002a7ddd93000 	C:\javafx-sdk-21.0.7\bin\api-ms-win-core-console-l1-1-0.dll
0x000002a7ddda0000 - 0x000002a7ddda3000 	C:\javafx-sdk-21.0.7\bin\api-ms-win-core-console-l1-2-0.dll
0x000002a7dddb0000 - 0x000002a7dddb3000 	C:\javafx-sdk-21.0.7\bin\api-ms-win-core-datetime-l1-1-0.dll
0x000002a7dfcf0000 - 0x000002a7dfcf3000 	C:\javafx-sdk-21.0.7\bin\api-ms-win-core-debug-l1-1-0.dll
0x000002a7dfd00000 - 0x000002a7dfd03000 	C:\javafx-sdk-21.0.7\bin\api-ms-win-core-errorhandling-l1-1-0.dll
0x000002a7dfd10000 - 0x000002a7dfd14000 	C:\javafx-sdk-21.0.7\bin\api-ms-win-core-file-l1-1-0.dll
0x000002a7dfd20000 - 0x000002a7dfd23000 	C:\javafx-sdk-21.0.7\bin\api-ms-win-core-file-l1-2-0.dll
0x000002a7dfd30000 - 0x000002a7dfd33000 	C:\javafx-sdk-21.0.7\bin\api-ms-win-core-file-l2-1-0.dll
0x000002a7dfd40000 - 0x000002a7dfd43000 	C:\javafx-sdk-21.0.7\bin\api-ms-win-core-handle-l1-1-0.dll
0x000002a7dfd50000 - 0x000002a7dfd53000 	C:\javafx-sdk-21.0.7\bin\api-ms-win-core-heap-l1-1-0.dll
0x000002a7dfd60000 - 0x000002a7dfd63000 	C:\javafx-sdk-21.0.7\bin\api-ms-win-core-interlocked-l1-1-0.dll
0x000002a7fe340000 - 0x000002a7fe343000 	C:\javafx-sdk-21.0.7\bin\api-ms-win-core-libraryloader-l1-1-0.dll
0x000002a7fe350000 - 0x000002a7fe353000 	C:\javafx-sdk-21.0.7\bin\api-ms-win-core-localization-l1-2-0.dll
0x000002a7fe360000 - 0x000002a7fe363000 	C:\javafx-sdk-21.0.7\bin\api-ms-win-core-memory-l1-1-0.dll
0x000002a7fe370000 - 0x000002a7fe373000 	C:\javafx-sdk-21.0.7\bin\api-ms-win-core-namedpipe-l1-1-0.dll
0x000002a7fe380000 - 0x000002a7fe383000 	C:\javafx-sdk-21.0.7\bin\api-ms-win-core-processenvironment-l1-1-0.dll
0x000002a7fe390000 - 0x000002a7fe393000 	C:\javafx-sdk-21.0.7\bin\api-ms-win-core-processthreads-l1-1-0.dll
0x000002a7fe3a0000 - 0x000002a7fe3a3000 	C:\javafx-sdk-21.0.7\bin\api-ms-win-core-processthreads-l1-1-1.dll
0x000002a7fe3b0000 - 0x000002a7fe3b3000 	C:\javafx-sdk-21.0.7\bin\api-ms-win-core-profile-l1-1-0.dll
0x000002a7fe3c0000 - 0x000002a7fe3c3000 	C:\javafx-sdk-21.0.7\bin\api-ms-win-core-rtlsupport-l1-1-0.dll
0x000002a7fe3d0000 - 0x000002a7fe3d3000 	C:\javafx-sdk-21.0.7\bin\api-ms-win-core-string-l1-1-0.dll
0x000002a7fe3e0000 - 0x000002a7fe3e3000 	C:\javafx-sdk-21.0.7\bin\api-ms-win-core-synch-l1-1-0.dll
0x000002a7fe3f0000 - 0x000002a7fe3f3000 	C:\javafx-sdk-21.0.7\bin\api-ms-win-core-synch-l1-2-0.dll
0x000002a7fe400000 - 0x000002a7fe403000 	C:\javafx-sdk-21.0.7\bin\api-ms-win-core-sysinfo-l1-1-0.dll
0x000002a7fe410000 - 0x000002a7fe413000 	C:\javafx-sdk-21.0.7\bin\api-ms-win-core-timezone-l1-1-0.dll
0x000002a7fe420000 - 0x000002a7fe423000 	C:\javafx-sdk-21.0.7\bin\api-ms-win-core-util-l1-1-0.dll
0x000002a7fe430000 - 0x000002a7fe433000 	C:\javafx-sdk-21.0.7\bin\api-ms-win-crt-conio-l1-1-0.dll
0x000002a7fe440000 - 0x000002a7fe444000 	C:\javafx-sdk-21.0.7\bin\api-ms-win-crt-convert-l1-1-0.dll
0x000002a7fe450000 - 0x000002a7fe453000 	C:\javafx-sdk-21.0.7\bin\api-ms-win-crt-environment-l1-1-0.dll
0x000002a7fe460000 - 0x000002a7fe463000 	C:\javafx-sdk-21.0.7\bin\api-ms-win-crt-filesystem-l1-1-0.dll
0x000002a7fe470000 - 0x000002a7fe473000 	C:\javafx-sdk-21.0.7\bin\api-ms-win-crt-heap-l1-1-0.dll
0x000002a7fe480000 - 0x000002a7fe483000 	C:\javafx-sdk-21.0.7\bin\api-ms-win-crt-locale-l1-1-0.dll
0x000002a7fe490000 - 0x000002a7fe495000 	C:\javafx-sdk-21.0.7\bin\api-ms-win-crt-math-l1-1-0.dll
0x000002a7fe4a0000 - 0x000002a7fe4a5000 	C:\javafx-sdk-21.0.7\bin\api-ms-win-crt-multibyte-l1-1-0.dll
0x000002a7fe4b0000 - 0x000002a7fe4c0000 	C:\javafx-sdk-21.0.7\bin\api-ms-win-crt-private-l1-1-0.dll
0x000002a7fe4c0000 - 0x000002a7fe4c3000 	C:\javafx-sdk-21.0.7\bin\api-ms-win-crt-process-l1-1-0.dll
0x000002a7fe4d0000 - 0x000002a7fe4d4000 	C:\javafx-sdk-21.0.7\bin\api-ms-win-crt-runtime-l1-1-0.dll
0x000002a7fe4e0000 - 0x000002a7fe4e4000 	C:\javafx-sdk-21.0.7\bin\api-ms-win-crt-stdio-l1-1-0.dll
0x000002a7fe4f0000 - 0x000002a7fe4f4000 	C:\javafx-sdk-21.0.7\bin\api-ms-win-crt-string-l1-1-0.dll
0x000002a7fe500000 - 0x000002a7fe503000 	C:\javafx-sdk-21.0.7\bin\api-ms-win-crt-time-l1-1-0.dll
0x000002a7fe510000 - 0x000002a7fe513000 	C:\javafx-sdk-21.0.7\bin\api-ms-win-crt-utility-l1-1-0.dll
0x00007ffb7dc50000 - 0x00007ffb7dd4c000 	C:\javafx-sdk-21.0.7\bin\ucrtbase.dll
0x00007ffb96330000 - 0x00007ffb9634b000 	C:\javafx-sdk-21.0.7\bin\vcruntime140.dll
0x00007ffba4c20000 - 0x00007ffba4c2c000 	C:\javafx-sdk-21.0.7\bin\vcruntime140_1.dll
0x00007ffb86250000 - 0x00007ffb862de000 	C:\javafx-sdk-21.0.7\bin\msvcp140.dll
0x00007ffba44a0000 - 0x00007ffba44a9000 	C:\javafx-sdk-21.0.7\bin\msvcp140_1.dll
0x00007ffb8aaa0000 - 0x00007ffb8aae1000 	C:\javafx-sdk-21.0.7\bin\msvcp140_2.dll
0x00007ffb88780000 - 0x00007ffb887b0000 	C:\javafx-sdk-21.0.7\bin\prism_d3d.dll
0x00007ffb63b70000 - 0x00007ffb63d41000 	C:\Windows\system32\d3d9.dll
0x00007ffba8ba0000 - 0x00007ffba8bcf000 	C:\Windows\SYSTEM32\dwmapi.dll
0x00007ffba8110000 - 0x00007ffba81ae000 	C:\Windows\system32\uxtheme.dll
0x00007ffb4ab50000 - 0x00007ffb4acb5000 	C:\Windows\System32\DriverStore\FileRepository\iigd_dch.inf_amd64_4de65d949492707a\igdumdim64.dll
0x00007ffbad9c0000 - 0x00007ffbadaeb000 	C:\Windows\System32\ole32.dll
0x00007ffb43740000 - 0x00007ffb473cb000 	C:\Windows\System32\DriverStore\FileRepository\iigd_dch.inf_amd64_4de65d949492707a\igd9dxva64.dll
0x00007ffbabe90000 - 0x00007ffbac300000 	C:\Windows\System32\SETUPAPI.dll
0x00007ffbabb80000 - 0x00007ffbabbce000 	C:\Windows\System32\cfgmgr32.dll
0x00007ffb9ec70000 - 0x00007ffb9efa6000 	C:\Windows\System32\DriverStore\FileRepository\iigd_dch.inf_amd64_4de65d949492707a\igdgmm64.dll
0x00007ffb88730000 - 0x00007ffb88772000 	C:\javafx-sdk-21.0.7\bin\glass.dll
0x00007ffbad6b0000 - 0x00007ffbad78a000 	C:\Windows\System32\COMDLG32.dll
0x00007ffbad790000 - 0x00007ffbad8a5000 	C:\Windows\System32\MSCTF.dll
0x00007ffb7a850000 - 0x00007ffb7a877000 	C:\Windows\System32\DriverStore\FileRepository\iigd_dch.inf_amd64_4de65d949492707a\igdinfo64.dll
0x00007ffb9bee0000 - 0x00007ffb9ec6f000 	C:\Windows\System32\DriverStore\FileRepository\iigd_dch.inf_amd64_4de65d949492707a\igc64.dll
0x00007ffba0840000 - 0x00007ffba087b000 	C:\Windows\SYSTEM32\dxcore.dll
0x00007ffb96270000 - 0x00007ffb96285000 	C:\javafx-sdk-21.0.7\bin\javafx_font.dll
0x00007ffb8a570000 - 0x00007ffb8a7ef000 	C:\Windows\SYSTEM32\dwrite.dll
0x00007ffbabca0000 - 0x00007ffbabd49000 	C:\Windows\System32\clbcatq.dll
0x00007ffba7d90000 - 0x00007ffba7f46000 	C:\Windows\SYSTEM32\WindowsCodecs.dll
0x00007ffb854b0000 - 0x00007ffb854ee000 	C:\Windows\system32\dataexchange.dll
0x00007ffba5cc0000 - 0x00007ffba5f24000 	C:\Windows\system32\d3d11.dll
0x00007ffba5f50000 - 0x00007ffba6134000 	C:\Windows\system32\dcomp.dll
0x00007ffba9a90000 - 0x00007ffba9b86000 	C:\Windows\system32\dxgi.dll
0x00007ffba2b60000 - 0x00007ffba2d63000 	C:\Windows\system32\twinapi.appcore.dll
0x00007ffb85e10000 - 0x00007ffb85e44000 	C:\Program Files\Common Files\Microsoft Shared\Ink\rtscom.dll
0x00007ffb91a20000 - 0x00007ffb91b19000 	C:\Windows\SYSTEM32\textinputframework.dll
0x00007ffba67c0000 - 0x00007ffba6b1b000 	C:\Windows\System32\CoreUIComponents.dll
0x00007ffba6eb0000 - 0x00007ffba6fa2000 	C:\Windows\System32\CoreMessaging.dll
0x00007ffbaa4a0000 - 0x00007ffbaa4d3000 	C:\Windows\SYSTEM32\ntmarta.dll
0x00007ffba7350000 - 0x00007ffba74a7000 	C:\Windows\SYSTEM32\wintypes.dll
0x00007ffb85830000 - 0x00007ffb85896000 	C:\Windows\system32\Oleacc.dll

dbghelp: loaded successfully - version: 4.0.5 - missing functions: none
symbol engine: initialized successfully - sym options: 0x614 - pdb path: .;C:\Program Files\Java\jdk-17\bin;C:\Windows\SYSTEM32;C:\Windows\WinSxS\amd64_microsoft.windows.common-controls_6595b64144ccf1df_6.0.19041.5915_none_60b4b9d171f9c7c7;C:\Program Files\Java\jdk-17\bin\server;C:\javafx-sdk-21.0.7\bin;C:\Windows\System32\DriverStore\FileRepository\iigd_dch.inf_amd64_4de65d949492707a;C:\Program Files\Common Files\Microsoft Shared\Ink

VM Arguments:
jvm_args: --module-path=C:/javafx-sdk-21.0.7/lib --add-modules=javafx.controls,javafx.fxml -XX:+ShowCodeDetailsInExceptionMessages 
java_command: com.login.Main
java_class_path (initial): D:\Civita\Civita user and login pages\loginpage\target\classes;c:\javafx-sdk-21.0.7\lib\javafx.base.jar;c:\javafx-sdk-21.0.7\lib\javafx.controls.jar;c:\javafx-sdk-21.0.7\lib\javafx.fxml.jar;c:\javafx-sdk-21.0.7\lib\javafx.graphics.jar;c:\javafx-sdk-21.0.7\lib\javafx.media.jar;c:\javafx-sdk-21.0.7\lib\javafx.swing.jar;c:\javafx-sdk-21.0.7\lib\javafx.web.jar;c:\javafx-sdk-21.0.7\lib\javafx-swt.jar;c:\javafx-sdk-21.0.7\lib\json-20230618.jar;c:\Users\Dell\.m2\repository\com\google\firebase\firebase-admin\9.2.0\firebase-admin-9.2.0.jar;c:\Users\Dell\.m2\repository\com\google\api-client\google-api-client\2.2.0\google-api-client-2.2.0.jar;c:\Users\Dell\.m2\repository\commons-codec\commons-codec\1.15\commons-codec-1.15.jar;c:\Users\Dell\.m2\repository\com\google\oauth-client\google-oauth-client\1.34.1\google-oauth-client-1.34.1.jar;c:\Users\Dell\.m2\repository\com\google\http-client\google-http-client-gson\1.42.3\google-http-client-gson-1.42.3.jar;c:\Users\Dell\.m2\repository\com\google\http-client\google-http-client-apache-v2\1.42.3\google-http-client-apache-v2-1.42.3.jar;c:\Users\Dell\.m2\repository\org\apache\httpcomponents\httpcore\4.4.16\httpcore-4.4.16.jar;c:\Users\Dell\.m2\repository\com\google\api-client\google-api-client-gson\2.2.0\google-api-client-gson-2.2.0.jar;c:\Users\Dell\.m2\repository\com\google\http-client\google-http-client\1.43.1\google-http-client-1.43.1.jar;c:\Users\Dell\.m2\repository\com\google\code\findbugs\jsr305\3.0.2\jsr305-3.0.2.jar;c:\Users\Dell\.m2\repository\com\google\errorprone\error_prone_annotations\2.18.0\error_prone_annotations-2.18.0.jar;c:\Users\Dell\.m2\repository\com\google\j2objc\j2objc-annotations\1.3\j2objc-annotations-1.3.jar;c:\Users\Dell\.m2\repository\io\opencensus\opencensus-api\0.31.1\opencensus-api-0.31.1.jar;c:\Users\Dell\.m2\repository\io\opencensus\opencensus-contrib-http-util\0.31.1\opencensus-contrib-http-util-0.31.1.jar;c:\Users\Dell\.m2\repository\com\google\api\api-common\2.12.0\api-com
Launcher Type: SUN_STANDARD

[Global flags]
     intx CICompilerCount                          = 3                                         {product} {ergonomic}
     uint ConcGCThreads                            = 1                                         {product} {ergonomic}
     uint G1ConcRefinementThreads                  = 4                                         {product} {ergonomic}
   size_t G1HeapRegionSize                         = 1048576                                   {product} {ergonomic}
    uintx GCDrainStackTargetSize                   = 64                                        {product} {ergonomic}
   size_t InitialHeapSize                          = 132120576                                 {product} {ergonomic}
   size_t MarkStackSize                            = 4194304                                   {product} {ergonomic}
   size_t MaxHeapSize                              = 2113929216                                {product} {ergonomic}
   size_t MaxNewSize                               = 1267728384                                {product} {ergonomic}
   size_t MinHeapDeltaBytes                        = 1048576                                   {product} {ergonomic}
   size_t MinHeapSize                              = 8388608                                   {product} {ergonomic}
    uintx NonNMethodCodeHeapSize                   = 5832780                                {pd product} {ergonomic}
    uintx NonProfiledCodeHeapSize                  = 122912730                              {pd product} {ergonomic}
    uintx ProfiledCodeHeapSize                     = 122912730                              {pd product} {ergonomic}
    uintx ReservedCodeCacheSize                    = 251658240                              {pd product} {ergonomic}
     bool SegmentedCodeCache                       = true                                      {product} {ergonomic}
     bool ShowCodeDetailsInExceptionMessages       = true                                   {manageable} {command line}
   size_t SoftMaxHeapSize                          = 2113929216                             {manageable} {ergonomic}
     bool UseCompressedClassPointers               = true                           {product lp64_product} {ergonomic}
     bool UseCompressedOops                        = true                           {product lp64_product} {ergonomic}
     bool UseG1GC                                  = true                                      {product} {ergonomic}
     bool UseLargePagesIndividualAllocation        = false                                  {pd product} {ergonomic}

Logging:
Log output configuration:
 #0: stdout all=warning uptime,level,tags
 #1: stderr all=off uptime,level,tags

Environment Variables:
PATH=C:\src\flutter\bin\cache\dart-sdk\bin\;C:\Program Files\Common Files\Oracle\Java\javapath;C:\Program Files\Eclipse Adoptium\jdk-21.0.4.7-hotspot\bin;C:\Program Files\Java\jdk-17\bin;C:\apache-maven-3.9.11\bin;C:\Windows\system32;C:\Windows;C:\Windows\System32\Wbem;C:\Windows\System32\WindowsPowerShell\v1.0\;C:\Windows\System32\OpenSSH\;C:\src\flutter\bin;C:\Program Files\Git\cmd;C:\Users\Dell\AppData\Local\Microsoft\WindowsApps;C:\Users\Dell\AppData\Local\Programs\Microsoft VS Code\bin
USERNAME=Dell
LANG=en_US.UTF-8
OS=Windows_NT
PROCESSOR_IDENTIFIER=Intel64 Family 6 Model 142 Stepping 9, GenuineIntel



---------------  S Y S T E M  ---------------

OS:
 Windows 10 , 64 bit Build 19041 (10.0.19041.5915)
OS uptime: 2 days 1:59 hours
Hyper-V role detected

CPU: total 4 (initial active 4) (2 cores per cpu, 2 threads per core) family 6 model 142 stepping 9 microcode 0xb4, cx8, cmov, fxsr, ht, mmx, 3dnowpref, sse, sse2, sse3, ssse3, sse4.1, sse4.2, popcnt, lzcnt, tsc, tscinvbit, avx, avx2, aes, erms, clmul, bmi1, bmi2, adx, fma, vzeroupper, clflush, clflushopt, hv

Memory: 4k page, system-wide physical 8058M (426M free)
TotalPageFile size 32634M (AvailPageFile size 6M)
current process WorkingSet (physical memory assigned to process): 617M, peak: 619M
current process commit charge ("private bytes"): 693M, peak: 701M

vm_info: Java HotSpot(TM) 64-Bit Server VM (17.0.8+9-LTS-211) for windows-amd64 JRE (17.0.8+9-LTS-211), built on Jun 14 2023 10:34:31 by "mach5one" with MS VC++ 17.1 (VS2022)

END.
