#
# There is insufficient memory for the Java Runtime Environment to continue.
# Native memory allocation (mmap) failed to map 1048576 bytes for G1 virtual space
# Possible reasons:
#   The system is out of physical RAM or swap space
#   The process is running with CompressedOops enabled, and the Java Heap may be blocking the growth of the native heap
# Possible solutions:
#   Reduce memory load on the system
#   Increase physical memory or swap space
#   Check if swap backing store is full
#   Decrease Java heap size (-Xmx/-Xms)
#   Decrease number of Java threads
#   Decrease Java thread stack sizes (-Xss)
#   Set larger code cache with -XX:ReservedCodeCacheSize=
#   JVM is running with Unscaled Compressed Oops mode in which the Java heap is
#     placed in the first 4GB address space. The Java Heap base address is the
#     maximum limit for the native heap growth. Please use -XX:HeapBaseMinAddress
#     to set the Java Heap base and to place the Java Heap above 4GB virtual address.
# This output file may be truncated or incomplete.
#
#  Out of Memory Error (os_windows.cpp:3550), pid=212, tid=11632
#
# JRE version: Java(TM) SE Runtime Environment (17.0.8+9) (build 17.0.8+9-LTS-211)
# Java VM: Java HotSpot(TM) 64-Bit Server VM (17.0.8+9-LTS-211, mixed mode, sharing, tiered, compressed oops, compressed class ptrs, g1 gc, windows-amd64)
# No core dump will be written. Minidumps are not enabled by default on client versions of Windows
#

---------------  S U M M A R Y ------------

Command Line: --module-path=C:/javafx-sdk-21.0.7/lib --add-modules=javafx.controls,javafx.fxml -XX:+ShowCodeDetailsInExceptionMessages com.login.Main

Host: Intel(R) Core(TM) i5-7200U CPU @ 2.50GHz, 4 cores, 7G,  Windows 10 , 64 bit Build 19041 (10.0.19041.5915)
Time: Wed Jul 23 13:13:00 2025 India Standard Time elapsed time: 2.474022 seconds (0d 0h 0m 2s)

---------------  T H R E A D  ---------------

Current thread (0x000002444aaff0e0):  JavaThread "JavaFX Application Thread" [_thread_in_vm, id=11632, stack(0x000000ee0a900000,0x000000ee0aa00000)]

Stack: [0x000000ee0a900000,0x000000ee0aa00000]
Native frames: (J=compiled Java code, j=interpreted, Vv=VM code, C=native code)
V  [jvm.dll+0x677d0a]
V  [jvm.dll+0x7d8c54]
V  [jvm.dll+0x7da3fe]
V  [jvm.dll+0x7daa63]
V  [jvm.dll+0x245c5f]
V  [jvm.dll+0x674bb9]
V  [jvm.dll+0x6694f2]
V  [jvm.dll+0x3031d6]
V  [jvm.dll+0x30a756]
V  [jvm.dll+0x359c7b]
V  [jvm.dll+0x35a2b4]
V  [jvm.dll+0x359e66]
V  [jvm.dll+0x2da934]
V  [jvm.dll+0x2d6986]
V  [jvm.dll+0x60c753]
V  [jvm.dll+0x20fd25]
V  [jvm.dll+0x7a2bd6]
V  [jvm.dll+0x37ffda]
C  0x000002443bb5b90d

Java frames: (J=compiled Java code, j=interpreted, Vv=VM code)
j  java.nio.HeapByteBuffer.<init>(IILjdk/internal/access/foreign/MemorySegmentProxy;)V+6 java.base@17.0.8
j  java.nio.ByteBuffer.allocate(I)Ljava/nio/ByteBuffer;+16 java.base@17.0.8
j  com.sun.javafx.iio.png.PNGImageLoader2.load(IIIZZ)Lcom/sun/javafx/iio/ImageFrame;+134 javafx.graphics@21.0.7
j  com.sun.javafx.iio.ImageStorage.loadAll(Lcom/sun/javafx/iio/ImageLoader;DDZFZ)[Lcom/sun/javafx/iio/ImageFrame;+55 javafx.graphics@21.0.7
j  com.sun.javafx.iio.ImageStorage.loadAll(Ljava/lang/String;Lcom/sun/javafx/iio/ImageLoadListener;DDZFZ)[Lcom/sun/javafx/iio/ImageFrame;+399 javafx.graphics@21.0.7
j  com.sun.javafx.tk.quantum.PrismImageLoader2.loadAll(Ljava/lang/String;DDZFZ)V+25 javafx.graphics@21.0.7
j  com.sun.javafx.tk.quantum.PrismImageLoader2.<init>(Ljava/lang/String;DDZFZ)V+15 javafx.graphics@21.0.7
j  com.sun.javafx.tk.quantum.QuantumToolkit.loadImage(Ljava/lang/String;DDZZ)Lcom/sun/javafx/tk/ImageLoader;+16 javafx.graphics@21.0.7
j  javafx.scene.image.Image.loadImage(Ljava/lang/String;DDZZ)Lcom/sun/javafx/tk/ImageLoader;+10 javafx.graphics@21.0.7
j  javafx.scene.image.Image.initialize(Ljava/lang/Object;)V+92 javafx.graphics@21.0.7
j  javafx.scene.image.Image.<init>(Ljava/lang/String;)V+16 javafx.graphics@21.0.7
j  com.login.View.AuthenticationPages.SignupPage.start(Ljavafx/stage/Stage;)V+846
j  com.sun.javafx.application.LauncherImpl.lambda$launchApplication1$9(Ljava/util/concurrent/atomic/AtomicBoolean;Ljavafx/application/Application;)V+20 javafx.graphics@21.0.7
j  com.sun.javafx.application.LauncherImpl$$Lambda$101+0x000002444c082000.run()V+8 javafx.graphics@21.0.7
j  com.sun.javafx.application.PlatformImpl.lambda$runAndWait$12(Ljava/lang/Runnable;Ljava/util/concurrent/CountDownLatch;)V+1 javafx.graphics@21.0.7
j  com.sun.javafx.application.PlatformImpl$$Lambda$97+0x000002444c03f988.run()V+8 javafx.graphics@21.0.7
j  com.sun.javafx.application.PlatformImpl.lambda$runLater$10(Ljava/lang/Runnable;)Ljava/lang/Void;+1 javafx.graphics@21.0.7
j  com.sun.javafx.application.PlatformImpl$$Lambda$99+0x000002444c084e30.run()Ljava/lang/Object;+4 javafx.graphics@21.0.7
j  java.security.AccessController.executePrivileged(Ljava/security/PrivilegedAction;Ljava/security/AccessControlContext;Ljava/lang/Class;)Ljava/lang/Object;+29 java.base@17.0.8
j  java.security.AccessController.doPrivileged(Ljava/security/PrivilegedAction;Ljava/security/AccessControlContext;)Ljava/lang/Object;+13 java.base@17.0.8
j  com.sun.javafx.application.PlatformImpl.lambda$runLater$11(Ljava/lang/Runnable;Ljava/security/AccessControlContext;)V+7 javafx.graphics@21.0.7
j  com.sun.javafx.application.PlatformImpl$$Lambda$98+0x000002444c03fba8.run()V+8 javafx.graphics@21.0.7
j  com.sun.glass.ui.InvokeLaterDispatcher$Future.run()V+4 javafx.graphics@21.0.7
v  ~StubRoutines::call_stub
j  com.sun.glass.ui.win.WinApplication._runLoop(Ljava/lang/Runnable;)V+0 javafx.graphics@21.0.7
j  com.sun.glass.ui.win.WinApplication.lambda$runLoop$3(ILjava/lang/Runnable;)V+8 javafx.graphics@21.0.7
j  com.sun.glass.ui.win.WinApplication$$Lambda$87+0x000002444c02d780.run()V+12 javafx.graphics@21.0.7
j  java.lang.Thread.run()V+11 java.base@17.0.8
v  ~StubRoutines::call_stub

---------------  P R O C E S S  ---------------

Threads class SMR info:
_java_thread_list=0x00000244907145a0, length=18, elements={
0x000002442ab9c250, 0x000002444a5ab940, 0x000002444a5ac7b0, 0x000002444a5c06a0,
0x000002444a5c2260, 0x000002444a5c4c20, 0x000002444a5c55d0, 0x000002444a5c6360,
0x000002444a5d2af0, 0x000002444a5f74c0, 0x000002444a595ba0, 0x000002444a91e430,
0x000002444a8cdfa0, 0x000002444aaa1010, 0x000002444ab01960, 0x000002444aaff0e0,
0x00000244902013e0, 0x0000024490268cc0
}

Java Threads: ( => current thread )
  0x000002442ab9c250 JavaThread "main" [_thread_blocked, id=6240, stack(0x000000ee09300000,0x000000ee09400000)]
  0x000002444a5ab940 JavaThread "Reference Handler" daemon [_thread_blocked, id=5476, stack(0x000000ee09a00000,0x000000ee09b00000)]
  0x000002444a5ac7b0 JavaThread "Finalizer" daemon [_thread_blocked, id=11864, stack(0x000000ee09b00000,0x000000ee09c00000)]
  0x000002444a5c06a0 JavaThread "Signal Dispatcher" daemon [_thread_blocked, id=5300, stack(0x000000ee09c00000,0x000000ee09d00000)]
  0x000002444a5c2260 JavaThread "Attach Listener" daemon [_thread_blocked, id=12480, stack(0x000000ee09d00000,0x000000ee09e00000)]
  0x000002444a5c4c20 JavaThread "Service Thread" daemon [_thread_blocked, id=3428, stack(0x000000ee09e00000,0x000000ee09f00000)]
  0x000002444a5c55d0 JavaThread "Monitor Deflation Thread" daemon [_thread_blocked, id=7452, stack(0x000000ee09f00000,0x000000ee0a000000)]
  0x000002444a5c6360 JavaThread "C2 CompilerThread0" daemon [_thread_blocked, id=4908, stack(0x000000ee0a000000,0x000000ee0a100000)]
  0x000002444a5d2af0 JavaThread "C1 CompilerThread0" daemon [_thread_blocked, id=12576, stack(0x000000ee0a100000,0x000000ee0a200000)]
  0x000002444a5f74c0 JavaThread "Sweeper thread" daemon [_thread_blocked, id=10068, stack(0x000000ee0a200000,0x000000ee0a300000)]
  0x000002444a595ba0 JavaThread "Common-Cleaner" daemon [_thread_blocked, id=13980, stack(0x000000ee0a300000,0x000000ee0a400000)]
  0x000002444a91e430 JavaThread "Notification Thread" daemon [_thread_blocked, id=2256, stack(0x000000ee0a400000,0x000000ee0a500000)]
  0x000002444a8cdfa0 JavaThread "JavaFX-Launcher" [_thread_blocked, id=15080, stack(0x000000ee0a600000,0x000000ee0a700000)]
  0x000002444aaa1010 JavaThread "QuantumRenderer-0" daemon [_thread_blocked, id=12696, stack(0x000000ee0a700000,0x000000ee0a800000)]
  0x000002444ab01960 JavaThread "InvokeLaterDispatcher" daemon [_thread_blocked, id=15376, stack(0x000000ee0a800000,0x000000ee0a900000)]
=>0x000002444aaff0e0 JavaThread "JavaFX Application Thread" [_thread_in_vm, id=11632, stack(0x000000ee0a900000,0x000000ee0aa00000)]
  0x00000244902013e0 JavaThread "Thread-2" daemon [_thread_in_native, id=9108, stack(0x000000ee0b000000,0x000000ee0b100000)]
  0x0000024490268cc0 JavaThread "Prism Font Disposer" daemon [_thread_blocked, id=2760, stack(0x000000ee0b200000,0x000000ee0b300000)]

Other Threads:
  0x000002444a5a6480 VMThread "VM Thread" [stack: 0x000000ee09900000,0x000000ee09a00000] [id=10900]
  0x000002442ab9cc50 WatcherThread [stack: 0x000000ee0a500000,0x000000ee0a600000] [id=11600]
  0x000002442cddba50 GCTaskThread "GC Thread#0" [stack: 0x000000ee09400000,0x000000ee09500000] [id=9500]
  0x00000244901d8030 GCTaskThread "GC Thread#1" [stack: 0x000000ee0ad00000,0x000000ee0ae00000] [id=15756]
  0x0000024490258cc0 GCTaskThread "GC Thread#2" [stack: 0x000000ee0ae00000,0x000000ee0af00000] [id=14412]
  0x0000024490261150 GCTaskThread "GC Thread#3" [stack: 0x000000ee0af00000,0x000000ee0b000000] [id=14984]
  0x000002442cdec590 ConcurrentGCThread "G1 Main Marker" [stack: 0x000000ee09500000,0x000000ee09600000] [id=1656]
  0x000002442cded740 ConcurrentGCThread "G1 Conc#0" [stack: 0x000000ee09600000,0x000000ee09700000] [id=11324]
  0x000002442ce3e2b0 ConcurrentGCThread "G1 Refine#0" [stack: 0x000000ee09700000,0x000000ee09800000] [id=15308]
  0x0000024490563080 ConcurrentGCThread "G1 Refine#1" [stack: 0x000000ee0b100000,0x000000ee0b200000] [id=2436]
  0x000002444a45c120 ConcurrentGCThread "G1 Service" [stack: 0x000000ee09800000,0x000000ee09900000] [id=7644]

Threads with active compile tasks:

VM state: not at safepoint (normal execution)

VM Mutex/Monitor currently owned by a thread:  ([mutex/lock_event])
[0x000002442cd7a200] Heap_lock - owner thread: 0x000002444aaff0e0

Heap address: 0x0000000082000000, size: 2016 MB, Compressed Oops mode: 32-bit

CDS archive(s) mapped at: [0x000002444b000000-0x000002444bbd0000-0x000002444bbd0000), size 12386304, SharedBaseAddress: 0x000002444b000000, ArchiveRelocationMode: 1.
Compressed class space mapped at: 0x000002444c000000-0x000002448c000000, reserved size: 1073741824
Narrow klass base: 0x000002444b000000, Narrow klass shift: 0, Narrow klass range: 0x100000000

GC Precious Log:
 CPUs: 4 total, 4 available
 Memory: 8058M
 Large Page Support: Disabled
 NUMA Support: Disabled
 Compressed Oops: Enabled (32-bit)
 Heap Region Size: 1M
 Heap Min Capacity: 8M
 Heap Initial Capacity: 126M
 Heap Max Capacity: 2016M
 Pre-touch: Disabled
 Parallel Workers: 4
 Concurrent Workers: 1
 Concurrent Refinement Workers: 4
 Periodic GC: Disabled

Heap:
 garbage-first heap   total 166912K, used 88120K [0x0000000082000000, 0x0000000100000000)
  region size 1024K, 4 young (4096K), 4 survivors (4096K)
 Metaspace       used 7265K, committed 7424K, reserved 1114112K
  class space    used 1026K, committed 1088K, reserved 1048576K

Heap Regions: E=young(eden), S=young(survivor), O=old, HS=humongous(starts), HC=humongous(continues), CS=collection set, F=free, OA=open archive, CA=closed archive, TAMS=top-at-mark-start (previous, next)
|   0|0x0000000082000000, 0x0000000082100000, 0x0000000082100000|100%|HS|  |TAMS 0x0000000082000000, 0x0000000082100000| Complete 
|   1|0x0000000082100000, 0x0000000082200000, 0x0000000082200000|100%| O|  |TAMS 0x0000000082100000, 0x0000000082200000| Untracked 
|   2|0x0000000082200000, 0x0000000082300000, 0x0000000082300000|100%| O|  |TAMS 0x0000000082200000, 0x0000000082300000| Untracked 
|   3|0x0000000082300000, 0x0000000082400000, 0x0000000082400000|100%| O|  |TAMS 0x0000000082300000, 0x0000000082400000| Untracked 
|   4|0x0000000082400000, 0x00000000824d8400, 0x0000000082500000| 84%| O|  |TAMS 0x0000000082400000, 0x00000000824d8400| Untracked 
|   5|0x0000000082500000, 0x0000000082600000, 0x0000000082600000|100%|HS|  |TAMS 0x0000000082500000, 0x0000000082600000| Complete 
|   6|0x0000000082600000, 0x0000000082700000, 0x0000000082700000|100%|HC|  |TAMS 0x0000000082600000, 0x0000000082700000| Complete 
|   7|0x0000000082700000, 0x0000000082800000, 0x0000000082800000|100%|HC|  |TAMS 0x0000000082700000, 0x0000000082800000| Complete 
|   8|0x0000000082800000, 0x0000000082900000, 0x0000000082900000|100%|HC|  |TAMS 0x0000000082800000, 0x0000000082900000| Complete 
|   9|0x0000000082900000, 0x0000000082a00000, 0x0000000082a00000|100%|HC|  |TAMS 0x0000000082900000, 0x0000000082a00000| Complete 
|  10|0x0000000082a00000, 0x0000000082b00000, 0x0000000082b00000|100%|HC|  |TAMS 0x0000000082a00000, 0x0000000082b00000| Complete 
|  11|0x0000000082b00000, 0x0000000082c00000, 0x0000000082c00000|100%|HC|  |TAMS 0x0000000082b00000, 0x0000000082c00000| Complete 
|  12|0x0000000082c00000, 0x0000000082d00000, 0x0000000082d00000|100%|HC|  |TAMS 0x0000000082c00000, 0x0000000082d00000| Complete 
|  13|0x0000000082d00000, 0x0000000082e00000, 0x0000000082e00000|100%|HC|  |TAMS 0x0000000082d00000, 0x0000000082e00000| Complete 
|  14|0x0000000082e00000, 0x0000000082f00000, 0x0000000082f00000|100%|HC|  |TAMS 0x0000000082e00000, 0x0000000082f00000| Complete 
|  15|0x0000000082f00000, 0x0000000083000000, 0x0000000083000000|100%|HC|  |TAMS 0x0000000082f00000, 0x0000000083000000| Complete 
|  16|0x0000000083000000, 0x0000000083100000, 0x0000000083100000|100%|HC|  |TAMS 0x0000000083000000, 0x0000000083100000| Complete 
|  17|0x0000000083100000, 0x0000000083200000, 0x0000000083200000|100%|HC|  |TAMS 0x0000000083100000, 0x0000000083200000| Complete 
|  18|0x0000000083200000, 0x0000000083300000, 0x0000000083300000|100%|HC|  |TAMS 0x0000000083200000, 0x0000000083300000| Complete 
|  19|0x0000000083300000, 0x0000000083400000, 0x0000000083400000|100%|HC|  |TAMS 0x0000000083300000, 0x0000000083400000| Complete 
|  20|0x0000000083400000, 0x0000000083500000, 0x0000000083500000|100%|HC|  |TAMS 0x0000000083400000, 0x0000000083500000| Complete 
|  21|0x0000000083500000, 0x0000000083600000, 0x0000000083600000|100%|HC|  |TAMS 0x0000000083500000, 0x0000000083600000| Complete 
|  22|0x0000000083600000, 0x0000000083700000, 0x0000000083700000|100%|HC|  |TAMS 0x0000000083600000, 0x0000000083700000| Complete 
|  23|0x0000000083700000, 0x0000000083800000, 0x0000000083800000|100%|HC|  |TAMS 0x0000000083700000, 0x0000000083800000| Complete 
|  24|0x0000000083800000, 0x0000000083900000, 0x0000000083900000|100%|HC|  |TAMS 0x0000000083800000, 0x0000000083900000| Complete 
|  25|0x0000000083900000, 0x0000000083a00000, 0x0000000083a00000|100%|HC|  |TAMS 0x0000000083900000, 0x0000000083a00000| Complete 
|  26|0x0000000083a00000, 0x0000000083b00000, 0x0000000083b00000|100%|HC|  |TAMS 0x0000000083a00000, 0x0000000083b00000| Complete 
|  27|0x0000000083b00000, 0x0000000083c00000, 0x0000000083c00000|100%|HC|  |TAMS 0x0000000083b00000, 0x0000000083c00000| Complete 
|  28|0x0000000083c00000, 0x0000000083d00000, 0x0000000083d00000|100%|HC|  |TAMS 0x0000000083c00000, 0x0000000083d00000| Complete 
|  29|0x0000000083d00000, 0x0000000083e00000, 0x0000000083e00000|100%|HC|  |TAMS 0x0000000083d00000, 0x0000000083e00000| Complete 
|  30|0x0000000083e00000, 0x0000000083f00000, 0x0000000083f00000|100%|HC|  |TAMS 0x0000000083e00000, 0x0000000083f00000| Complete 
|  31|0x0000000083f00000, 0x0000000084000000, 0x0000000084000000|100%|HC|  |TAMS 0x0000000083f00000, 0x0000000084000000| Complete 
|  32|0x0000000084000000, 0x0000000084100000, 0x0000000084100000|100%|HC|  |TAMS 0x0000000084000000, 0x0000000084100000| Complete 
|  33|0x0000000084100000, 0x0000000084200000, 0x0000000084200000|100%|HC|  |TAMS 0x0000000084100000, 0x0000000084200000| Complete 
|  34|0x0000000084200000, 0x0000000084300000, 0x0000000084300000|100%|HC|  |TAMS 0x0000000084200000, 0x0000000084300000| Complete 
|  35|0x0000000084300000, 0x0000000084400000, 0x0000000084400000|100%|HC|  |TAMS 0x0000000084300000, 0x0000000084400000| Complete 
|  36|0x0000000084400000, 0x0000000084500000, 0x0000000084500000|100%|HC|  |TAMS 0x0000000084400000, 0x0000000084500000| Complete 
|  37|0x0000000084500000, 0x0000000084600000, 0x0000000084600000|100%|HC|  |TAMS 0x0000000084500000, 0x0000000084600000| Complete 
|  38|0x0000000084600000, 0x0000000084700000, 0x0000000084700000|100%|HC|  |TAMS 0x0000000084600000, 0x0000000084700000| Complete 
|  39|0x0000000084700000, 0x0000000084800000, 0x0000000084800000|100%|HC|  |TAMS 0x0000000084700000, 0x0000000084800000| Complete 
|  40|0x0000000084800000, 0x0000000084900000, 0x0000000084900000|100%|HC|  |TAMS 0x0000000084800000, 0x0000000084900000| Complete 
|  41|0x0000000084900000, 0x0000000084a00000, 0x0000000084a00000|100%|HC|  |TAMS 0x0000000084900000, 0x0000000084a00000| Complete 
|  42|0x0000000084a00000, 0x0000000084b00000, 0x0000000084b00000|100%|HC|  |TAMS 0x0000000084a00000, 0x0000000084b00000| Complete 
|  43|0x0000000084b00000, 0x0000000084c00000, 0x0000000084c00000|100%|HC|  |TAMS 0x0000000084b00000, 0x0000000084c00000| Complete 
|  44|0x0000000084c00000, 0x0000000084d00000, 0x0000000084d00000|100%|HC|  |TAMS 0x0000000084c00000, 0x0000000084d00000| Complete 
|  45|0x0000000084d00000, 0x0000000084e00000, 0x0000000084e00000|100%|HC|  |TAMS 0x0000000084d00000, 0x0000000084e00000| Complete 
|  46|0x0000000084e00000, 0x0000000084f00000, 0x0000000084f00000|100%|HC|  |TAMS 0x0000000084e00000, 0x0000000084f00000| Complete 
|  47|0x0000000084f00000, 0x0000000085000000, 0x0000000085000000|100%|HC|  |TAMS 0x0000000084f00000, 0x0000000085000000| Complete 
|  48|0x0000000085000000, 0x0000000085100000, 0x0000000085100000|100%|HC|  |TAMS 0x0000000085000000, 0x0000000085100000| Complete 
|  49|0x0000000085100000, 0x0000000085200000, 0x0000000085200000|100%|HC|  |TAMS 0x0000000085100000, 0x0000000085200000| Complete 
|  50|0x0000000085200000, 0x0000000085300000, 0x0000000085300000|100%|HC|  |TAMS 0x0000000085200000, 0x0000000085300000| Complete 
|  51|0x0000000085300000, 0x0000000085400000, 0x0000000085400000|100%|HC|  |TAMS 0x0000000085300000, 0x0000000085400000| Complete 
|  52|0x0000000085400000, 0x0000000085500000, 0x0000000085500000|100%|HC|  |TAMS 0x0000000085400000, 0x0000000085500000| Complete 
|  53|0x0000000085500000, 0x0000000085600000, 0x0000000085600000|100%|HC|  |TAMS 0x0000000085500000, 0x0000000085600000| Complete 
|  54|0x0000000085600000, 0x0000000085700000, 0x0000000085700000|100%|HC|  |TAMS 0x0000000085600000, 0x0000000085700000| Complete 
|  55|0x0000000085700000, 0x0000000085800000, 0x0000000085800000|100%|HC|  |TAMS 0x0000000085700000, 0x0000000085800000| Complete 
|  56|0x0000000085800000, 0x0000000085900000, 0x0000000085900000|100%|HC|  |TAMS 0x0000000085800000, 0x0000000085900000| Complete 
|  57|0x0000000085900000, 0x0000000085a00000, 0x0000000085a00000|100%|HC|  |TAMS 0x0000000085900000, 0x0000000085a00000| Complete 
|  58|0x0000000085a00000, 0x0000000085b00000, 0x0000000085b00000|100%|HC|  |TAMS 0x0000000085a00000, 0x0000000085b00000| Complete 
|  59|0x0000000085b00000, 0x0000000085c00000, 0x0000000085c00000|100%|HC|  |TAMS 0x0000000085b00000, 0x0000000085c00000| Complete 
|  60|0x0000000085c00000, 0x0000000085d00000, 0x0000000085d00000|100%|HC|  |TAMS 0x0000000085c00000, 0x0000000085d00000| Complete 
|  61|0x0000000085d00000, 0x0000000085e00000, 0x0000000085e00000|100%|HC|  |TAMS 0x0000000085d00000, 0x0000000085e00000| Complete 
|  62|0x0000000085e00000, 0x0000000085f00000, 0x0000000085f00000|100%|HC|  |TAMS 0x0000000085e00000, 0x0000000085f00000| Complete 
|  63|0x0000000085f00000, 0x0000000086000000, 0x0000000086000000|100%|HC|  |TAMS 0x0000000085f00000, 0x0000000086000000| Complete 
|  64|0x0000000086000000, 0x0000000086100000, 0x0000000086100000|100%|HC|  |TAMS 0x0000000086000000, 0x0000000086100000| Complete 
|  65|0x0000000086100000, 0x0000000086200000, 0x0000000086200000|100%|HC|  |TAMS 0x0000000086100000, 0x0000000086200000| Complete 
|  66|0x0000000086200000, 0x0000000086300000, 0x0000000086300000|100%|HC|  |TAMS 0x0000000086200000, 0x0000000086300000| Complete 
|  67|0x0000000086300000, 0x0000000086400000, 0x0000000086400000|100%|HC|  |TAMS 0x0000000086300000, 0x0000000086400000| Complete 
|  68|0x0000000086400000, 0x0000000086500000, 0x0000000086500000|100%|HC|  |TAMS 0x0000000086400000, 0x0000000086500000| Complete 
|  69|0x0000000086500000, 0x0000000086600000, 0x0000000086600000|100%|HC|  |TAMS 0x0000000086500000, 0x0000000086600000| Complete 
|  70|0x0000000086600000, 0x0000000086700000, 0x0000000086700000|100%|HC|  |TAMS 0x0000000086600000, 0x0000000086700000| Complete 
|  71|0x0000000086700000, 0x0000000086800000, 0x0000000086800000|100%|HC|  |TAMS 0x0000000086700000, 0x0000000086800000| Complete 
|  72|0x0000000086800000, 0x0000000086900000, 0x0000000086900000|100%|HC|  |TAMS 0x0000000086800000, 0x0000000086900000| Complete 
|  73|0x0000000086900000, 0x0000000086a00000, 0x0000000086a00000|100%|HC|  |TAMS 0x0000000086900000, 0x0000000086a00000| Complete 
|  74|0x0000000086a00000, 0x0000000086b00000, 0x0000000086b00000|100%|HC|  |TAMS 0x0000000086a00000, 0x0000000086b00000| Complete 
|  75|0x0000000086b00000, 0x0000000086c00000, 0x0000000086c00000|100%|HC|  |TAMS 0x0000000086b00000, 0x0000000086c00000| Complete 
|  76|0x0000000086c00000, 0x0000000086d00000, 0x0000000086d00000|100%|HC|  |TAMS 0x0000000086c00000, 0x0000000086d00000| Complete 
|  77|0x0000000086d00000, 0x0000000086e00000, 0x0000000086e00000|100%|HC|  |TAMS 0x0000000086d00000, 0x0000000086e00000| Complete 
|  78|0x0000000086e00000, 0x0000000086f00000, 0x0000000086f00000|100%|HC|  |TAMS 0x0000000086e00000, 0x0000000086f00000| Complete 
|  79|0x0000000086f00000, 0x0000000087000000, 0x0000000087000000|100%|HC|  |TAMS 0x0000000086f00000, 0x0000000087000000| Complete 
|  80|0x0000000087000000, 0x0000000087100000, 0x0000000087100000|100%|HC|  |TAMS 0x0000000087000000, 0x0000000087100000| Complete 
|  81|0x0000000087100000, 0x0000000087200000, 0x0000000087200000|100%|HC|  |TAMS 0x0000000087100000, 0x0000000087200000| Complete 
|  82|0x0000000087200000, 0x0000000087300000, 0x0000000087300000|100%|HC|  |TAMS 0x0000000087200000, 0x0000000087300000| Complete 
|  83|0x0000000087300000, 0x0000000087300000, 0x0000000087400000|  0%| F|  |TAMS 0x0000000087300000, 0x0000000087300000| Untracked 
|  84|0x0000000087400000, 0x0000000087400000, 0x0000000087500000|  0%| F|  |TAMS 0x0000000087400000, 0x0000000087400000| Untracked 
|  85|0x0000000087500000, 0x0000000087500000, 0x0000000087600000|  0%| F|  |TAMS 0x0000000087500000, 0x0000000087500000| Untracked 
|  86|0x0000000087600000, 0x0000000087600000, 0x0000000087700000|  0%| F|  |TAMS 0x0000000087600000, 0x0000000087600000| Untracked 
|  87|0x0000000087700000, 0x0000000087700000, 0x0000000087800000|  0%| F|  |TAMS 0x0000000087700000, 0x0000000087700000| Untracked 
|  88|0x0000000087800000, 0x0000000087800000, 0x0000000087900000|  0%| F|  |TAMS 0x0000000087800000, 0x0000000087800000| Untracked 
|  89|0x0000000087900000, 0x0000000087900000, 0x0000000087a00000|  0%| F|  |TAMS 0x0000000087900000, 0x0000000087900000| Untracked 
|  90|0x0000000087a00000, 0x0000000087a00000, 0x0000000087b00000|  0%| F|  |TAMS 0x0000000087a00000, 0x0000000087a00000| Untracked 
|  91|0x0000000087b00000, 0x0000000087b00000, 0x0000000087c00000|  0%| F|  |TAMS 0x0000000087b00000, 0x0000000087b00000| Untracked 
|  92|0x0000000087c00000, 0x0000000087c00000, 0x0000000087d00000|  0%| F|  |TAMS 0x0000000087c00000, 0x0000000087c00000| Untracked 
|  93|0x0000000087d00000, 0x0000000087d00000, 0x0000000087e00000|  0%| F|  |TAMS 0x0000000087d00000, 0x0000000087d00000| Untracked 
|  94|0x0000000087e00000, 0x0000000087e00000, 0x0000000087f00000|  0%| F|  |TAMS 0x0000000087e00000, 0x0000000087e00000| Untracked 
|  95|0x0000000087f00000, 0x0000000087f00000, 0x0000000088000000|  0%| F|  |TAMS 0x0000000087f00000, 0x0000000087f00000| Untracked 
|  96|0x0000000088000000, 0x0000000088000000, 0x0000000088100000|  0%| F|  |TAMS 0x0000000088000000, 0x0000000088000000| Untracked 
|  97|0x0000000088100000, 0x0000000088100000, 0x0000000088200000|  0%| F|  |TAMS 0x0000000088100000, 0x0000000088100000| Untracked 
|  98|0x0000000088200000, 0x0000000088200000, 0x0000000088300000|  0%| F|  |TAMS 0x0000000088200000, 0x0000000088200000| Untracked 
|  99|0x0000000088300000, 0x0000000088300000, 0x0000000088400000|  0%| F|  |TAMS 0x0000000088300000, 0x0000000088300000| Untracked 
| 100|0x0000000088400000, 0x0000000088400000, 0x0000000088500000|  0%| F|  |TAMS 0x0000000088400000, 0x0000000088400000| Untracked 
| 101|0x0000000088500000, 0x0000000088500000, 0x0000000088600000|  0%| F|  |TAMS 0x0000000088500000, 0x0000000088500000| Untracked 
| 102|0x0000000088600000, 0x0000000088600000, 0x0000000088700000|  0%| F|  |TAMS 0x0000000088600000, 0x0000000088600000| Untracked 
| 103|0x0000000088700000, 0x0000000088700000, 0x0000000088800000|  0%| F|  |TAMS 0x0000000088700000, 0x0000000088700000| Untracked 
| 104|0x0000000088800000, 0x0000000088800000, 0x0000000088900000|  0%| F|  |TAMS 0x0000000088800000, 0x0000000088800000| Untracked 
| 105|0x0000000088900000, 0x0000000088900000, 0x0000000088a00000|  0%| F|  |TAMS 0x0000000088900000, 0x0000000088900000| Untracked 
| 106|0x0000000088a00000, 0x0000000088a00000, 0x0000000088b00000|  0%| F|  |TAMS 0x0000000088a00000, 0x0000000088a00000| Untracked 
| 107|0x0000000088b00000, 0x0000000088b00000, 0x0000000088c00000|  0%| F|  |TAMS 0x0000000088b00000, 0x0000000088b00000| Untracked 
| 108|0x0000000088c00000, 0x0000000088c00000, 0x0000000088d00000|  0%| F|  |TAMS 0x0000000088c00000, 0x0000000088c00000| Untracked 
| 109|0x0000000088d00000, 0x0000000088d00000, 0x0000000088e00000|  0%| F|  |TAMS 0x0000000088d00000, 0x0000000088d00000| Untracked 
| 110|0x0000000088e00000, 0x0000000088e00000, 0x0000000088f00000|  0%| F|  |TAMS 0x0000000088e00000, 0x0000000088e00000| Untracked 
| 111|0x0000000088f00000, 0x0000000088f00000, 0x0000000089000000|  0%| F|  |TAMS 0x0000000088f00000, 0x0000000088f00000| Untracked 
| 112|0x0000000089000000, 0x0000000089000000, 0x0000000089100000|  0%| F|  |TAMS 0x0000000089000000, 0x0000000089000000| Untracked 
| 113|0x0000000089100000, 0x0000000089100000, 0x0000000089200000|  0%| F|  |TAMS 0x0000000089100000, 0x0000000089100000| Untracked 
| 114|0x0000000089200000, 0x0000000089200000, 0x0000000089300000|  0%| F|  |TAMS 0x0000000089200000, 0x0000000089200000| Untracked 
| 115|0x0000000089300000, 0x0000000089300000, 0x0000000089400000|  0%| F|  |TAMS 0x0000000089300000, 0x0000000089300000| Untracked 
| 116|0x0000000089400000, 0x0000000089435c00, 0x0000000089500000| 20%| S|CS|TAMS 0x0000000089400000, 0x0000000089400000| Complete 
| 117|0x0000000089500000, 0x0000000089600000, 0x0000000089600000|100%| S|CS|TAMS 0x0000000089500000, 0x0000000089500000| Complete 
| 118|0x0000000089600000, 0x0000000089600000, 0x0000000089700000|  0%| F|  |TAMS 0x0000000089600000, 0x0000000089600000| Untracked 
| 119|0x0000000089700000, 0x0000000089700000, 0x0000000089800000|  0%| F|  |TAMS 0x0000000089700000, 0x0000000089700000| Untracked 
| 120|0x0000000089800000, 0x0000000089800000, 0x0000000089900000|  0%| F|  |TAMS 0x0000000089800000, 0x0000000089800000| Untracked 
| 121|0x0000000089900000, 0x0000000089900000, 0x0000000089a00000|  0%| F|  |TAMS 0x0000000089900000, 0x0000000089900000| Untracked 
| 122|0x0000000089a00000, 0x0000000089b00000, 0x0000000089b00000|100%| S|CS|TAMS 0x0000000089a00000, 0x0000000089a00000| Complete 
| 123|0x0000000089b00000, 0x0000000089c00000, 0x0000000089c00000|100%| S|CS|TAMS 0x0000000089b00000, 0x0000000089b00000| Complete 
| 124|0x0000000089c00000, 0x0000000089c00000, 0x0000000089d00000|  0%| F|  |TAMS 0x0000000089c00000, 0x0000000089c00000| Untracked 
| 125|0x0000000089d00000, 0x0000000089d00000, 0x0000000089e00000|  0%| F|  |TAMS 0x0000000089d00000, 0x0000000089d00000| Untracked 
| 126|0x0000000089e00000, 0x0000000089e00000, 0x0000000089f00000|  0%| F|  |TAMS 0x0000000089e00000, 0x0000000089e00000| Untracked 
| 127|0x0000000089f00000, 0x0000000089f00000, 0x000000008a000000|  0%| F|  |TAMS 0x0000000089f00000, 0x0000000089f00000| Untracked 
| 128|0x000000008a000000, 0x000000008a000000, 0x000000008a100000|  0%| F|  |TAMS 0x000000008a000000, 0x000000008a000000| Untracked 
| 129|0x000000008a100000, 0x000000008a100000, 0x000000008a200000|  0%| F|  |TAMS 0x000000008a100000, 0x000000008a100000| Untracked 
| 130|0x000000008a200000, 0x000000008a200000, 0x000000008a300000|  0%| F|  |TAMS 0x000000008a200000, 0x000000008a200000| Untracked 
| 131|0x000000008a300000, 0x000000008a300000, 0x000000008a400000|  0%| F|  |TAMS 0x000000008a300000, 0x000000008a300000| Untracked 
| 132|0x000000008a400000, 0x000000008a400000, 0x000000008a500000|  0%| F|  |TAMS 0x000000008a400000, 0x000000008a400000| Untracked 
| 133|0x000000008a500000, 0x000000008a500000, 0x000000008a600000|  0%| F|  |TAMS 0x000000008a500000, 0x000000008a500000| Untracked 
| 134|0x000000008a600000, 0x000000008a600000, 0x000000008a700000|  0%| F|  |TAMS 0x000000008a600000, 0x000000008a600000| Untracked 
| 135|0x000000008a700000, 0x000000008a700000, 0x000000008a800000|  0%| F|  |TAMS 0x000000008a700000, 0x000000008a700000| Untracked 
| 136|0x000000008a800000, 0x000000008a800000, 0x000000008a900000|  0%| F|  |TAMS 0x000000008a800000, 0x000000008a800000| Untracked 
| 137|0x000000008a900000, 0x000000008a900000, 0x000000008aa00000|  0%| F|  |TAMS 0x000000008a900000, 0x000000008a900000| Untracked 
| 138|0x000000008aa00000, 0x000000008aa00000, 0x000000008ab00000|  0%| F|  |TAMS 0x000000008aa00000, 0x000000008aa00000| Untracked 
| 139|0x000000008ab00000, 0x000000008ab00000, 0x000000008ac00000|  0%| F|  |TAMS 0x000000008ab00000, 0x000000008ab00000| Untracked 
| 140|0x000000008ac00000, 0x000000008ac00000, 0x000000008ad00000|  0%| F|  |TAMS 0x000000008ac00000, 0x000000008ac00000| Untracked 
| 141|0x000000008ad00000, 0x000000008ad00000, 0x000000008ae00000|  0%| F|  |TAMS 0x000000008ad00000, 0x000000008ad00000| Untracked 
| 142|0x000000008ae00000, 0x000000008ae00000, 0x000000008af00000|  0%| F|  |TAMS 0x000000008ae00000, 0x000000008ae00000| Untracked 
| 143|0x000000008af00000, 0x000000008af00000, 0x000000008b000000|  0%| F|  |TAMS 0x000000008af00000, 0x000000008af00000| Untracked 
| 144|0x000000008b000000, 0x000000008b000000, 0x000000008b100000|  0%| F|  |TAMS 0x000000008b000000, 0x000000008b000000| Untracked 
| 145|0x000000008b100000, 0x000000008b100000, 0x000000008b200000|  0%| F|  |TAMS 0x000000008b100000, 0x000000008b100000| Untracked 
| 146|0x000000008b200000, 0x000000008b200000, 0x000000008b300000|  0%| F|  |TAMS 0x000000008b200000, 0x000000008b200000| Untracked 
| 147|0x000000008b300000, 0x000000008b300000, 0x000000008b400000|  0%| F|  |TAMS 0x000000008b300000, 0x000000008b300000| Untracked 
| 148|0x000000008b400000, 0x000000008b400000, 0x000000008b500000|  0%| F|  |TAMS 0x000000008b400000, 0x000000008b400000| Untracked 
| 149|0x000000008b500000, 0x000000008b500000, 0x000000008b600000|  0%| F|  |TAMS 0x000000008b500000, 0x000000008b500000| Untracked 
| 150|0x000000008b600000, 0x000000008b600000, 0x000000008b700000|  0%| F|  |TAMS 0x000000008b600000, 0x000000008b600000| Untracked 
| 151|0x000000008b700000, 0x000000008b700000, 0x000000008b800000|  0%| F|  |TAMS 0x000000008b700000, 0x000000008b700000| Untracked 
| 152|0x000000008b800000, 0x000000008b800000, 0x000000008b900000|  0%| F|  |TAMS 0x000000008b800000, 0x000000008b800000| Untracked 
| 153|0x000000008b900000, 0x000000008b900000, 0x000000008ba00000|  0%| F|  |TAMS 0x000000008b900000, 0x000000008b900000| Untracked 
| 154|0x000000008ba00000, 0x000000008ba00000, 0x000000008bb00000|  0%| F|  |TAMS 0x000000008ba00000, 0x000000008ba00000| Untracked 
| 155|0x000000008bb00000, 0x000000008bb00000, 0x000000008bc00000|  0%| F|  |TAMS 0x000000008bb00000, 0x000000008bb00000| Untracked 
| 156|0x000000008bc00000, 0x000000008bc00000, 0x000000008bd00000|  0%| F|  |TAMS 0x000000008bc00000, 0x000000008bc00000| Untracked 
| 157|0x000000008bd00000, 0x000000008bd00000, 0x000000008be00000|  0%| F|  |TAMS 0x000000008bd00000, 0x000000008bd00000| Untracked 
| 158|0x000000008be00000, 0x000000008be00000, 0x000000008bf00000|  0%| F|  |TAMS 0x000000008be00000, 0x000000008be00000| Untracked 
| 159|0x000000008bf00000, 0x000000008bf00000, 0x000000008c000000|  0%| F|  |TAMS 0x000000008bf00000, 0x000000008bf00000| Untracked 
| 160|0x000000008c000000, 0x000000008c000000, 0x000000008c100000|  0%| F|  |TAMS 0x000000008c000000, 0x000000008c000000| Untracked 
| 161|0x000000008c100000, 0x000000008c100000, 0x000000008c200000|  0%| F|  |TAMS 0x000000008c100000, 0x000000008c100000| Untracked 
| 162|0x000000008c200000, 0x000000008c200000, 0x000000008c300000|  0%| F|  |TAMS 0x000000008c200000, 0x000000008c200000| Untracked 

Card table byte_map: [0x0000024443a00000,0x0000024443df0000] _byte_map_base: 0x00000244435f0000

Marking Bits (Prev, Next): (CMBitMap*) 0x000002442cddc060, (CMBitMap*) 0x000002442cddc0a0
 Prev Bits: [0x00000244441e0000, 0x0000024446160000)
 Next Bits: [0x0000024446160000, 0x00000244480e0000)

Polling page: 0x000002442acf0000

Metaspace:

Usage:
  Non-class:      6.09 MB used.
      Class:      1.00 MB used.
       Both:      7.10 MB used.

Virtual space:
  Non-class space:       64.00 MB reserved,       6.19 MB ( 10%) committed,  1 nodes.
      Class space:        1.00 GB reserved,       1.06 MB ( <1%) committed,  1 nodes.
             Both:        1.06 GB reserved,       7.25 MB ( <1%) committed. 

Chunk freelists:
   Non-Class:  7.39 MB
       Class:  14.84 MB
        Both:  22.23 MB

MaxMetaspaceSize: unlimited
CompressedClassSpaceSize: 1.00 GB
Initial GC threshold: 21.00 MB
Current GC threshold: 21.00 MB
CDS: on
MetaspaceReclaimPolicy: balanced
 - commit_granule_bytes: 65536.
 - commit_granule_words: 8192.
 - virtual_space_node_default_size: 8388608.
 - enlarge_chunks_in_place: 1.
 - new_chunks_are_fully_committed: 0.
 - uncommit_free_chunks: 1.
 - use_allocation_guard: 0.
 - handle_deallocations: 1.


Internal statistics:

num_allocs_failed_limit: 0.
num_arena_births: 102.
num_arena_deaths: 0.
num_vsnodes_births: 2.
num_vsnodes_deaths: 0.
num_space_committed: 116.
num_space_uncommitted: 0.
num_chunks_returned_to_freelist: 0.
num_chunks_taken_from_freelist: 338.
num_chunk_merges: 0.
num_chunk_splits: 243.
num_chunks_enlarged: 199.
num_purges: 0.
num_inconsistent_stats: 0.

CodeHeap 'non-profiled nmethods': size=120000Kb used=535Kb max_used=535Kb free=119464Kb
 bounds [0x000002443c0e0000, 0x000002443c350000, 0x0000024443610000]
CodeHeap 'profiled nmethods': size=120000Kb used=1945Kb max_used=1945Kb free=118054Kb
 bounds [0x0000024434610000, 0x0000024434880000, 0x000002443bb40000]
CodeHeap 'non-nmethods': size=5760Kb used=1267Kb max_used=1382Kb free=4492Kb
 bounds [0x000002443bb40000, 0x000002443bdb0000, 0x000002443c0e0000]
 total_blobs=1789 nmethods=1204 adapters=498
 compilation: enabled
              stopped_count=0, restarted_count=0
 full_count=0

Compilation events (20 events):
Event: 2.296 Thread 0x000002444a5c6360 1193 %     4       com.sun.javafx.image.impl.BaseByteToByteConverter$FourByteReorderer::doConvert @ 27 (138 bytes)
Event: 2.393 Thread 0x000002444a5c6360 nmethod 1193% 0x000002443c163710 code [0x000002443c1638a0, 0x000002443c1647b8]
Event: 2.429 Thread 0x000002444a5d2af0 1194   !   3       java.util.zip.InflaterInputStream::read (138 bytes)
Event: 2.430 Thread 0x000002444a5d2af0 nmethod 1194 0x00000244347f2290 code [0x00000244347f2540, 0x00000244347f3218]
Event: 2.441 Thread 0x000002444a5d2af0 1196       3       javafx.beans.property.ObjectPropertyBase::get (29 bytes)
Event: 2.441 Thread 0x000002444a5d2af0 nmethod 1196 0x00000244347f3790 code [0x00000244347f3940, 0x00000244347f3b68]
Event: 2.441 Thread 0x000002444a5c6360 1197       4       java.util.HashSet::add (20 bytes)
Event: 2.442 Thread 0x000002444a5d2af0 1198       3       java.util.HashSet::size (8 bytes)
Event: 2.442 Thread 0x000002444a5d2af0 nmethod 1198 0x00000244347f3c10 code [0x00000244347f3da0, 0x00000244347f3f58]
Event: 2.442 Thread 0x000002444a5d2af0 1199       3       javafx.scene.Node::getParent (22 bytes)
Event: 2.442 Thread 0x000002444a5d2af0 nmethod 1199 0x00000244347f4010 code [0x00000244347f41e0, 0x00000244347f4668]
Event: 2.442 Thread 0x000002444a5d2af0 1200       3       jdk.internal.jimage.ImageStringsReader::unmaskedHashCode (166 bytes)
Event: 2.443 Thread 0x000002444a5d2af0 nmethod 1200 0x00000244347f4790 code [0x00000244347f49e0, 0x00000244347f55d8]
Event: 2.443 Thread 0x000002444a5d2af0 1201       3       jdk.internal.jimage.ImageLocation::readValue (61 bytes)
Event: 2.444 Thread 0x000002444a5d2af0 nmethod 1201 0x00000244347f5b10 code [0x00000244347f5ce0, 0x00000244347f60b8]
Event: 2.444 Thread 0x000002444a5d2af0 1203       3       java.io.FileSystem::hasBooleanAttributes (17 bytes)
Event: 2.444 Thread 0x000002444a5d2af0 nmethod 1203 0x00000244347f6290 code [0x00000244347f6440, 0x00000244347f65e8]
Event: 2.444 Thread 0x000002444a5c6360 nmethod 1197 0x000002443c165390 code [0x000002443c165540, 0x000002443c1657b8]
Event: 2.444 Thread 0x000002444a5c6360 1202       4       java.nio.DirectByteBuffer::ix (10 bytes)
Event: 2.445 Thread 0x000002444a5c6360 nmethod 1202 0x000002443c165990 code [0x000002443c165b00, 0x000002443c165b78]

GC Heap History (8 events):
Event: 0.706 GC heap before
{Heap before GC invocations=0 (full 0):
 garbage-first heap   total 129024K, used 12288K [0x0000000082000000, 0x0000000100000000)
  region size 1024K, 13 young (13312K), 0 survivors (0K)
 Metaspace       used 2538K, committed 2752K, reserved 1114112K
  class space    used 265K, committed 384K, reserved 1048576K
}
Event: 0.709 GC heap after
{Heap after GC invocations=1 (full 0):
 garbage-first heap   total 129024K, used 1745K [0x0000000082000000, 0x0000000100000000)
  region size 1024K, 2 young (2048K), 2 survivors (2048K)
 Metaspace       used 2538K, committed 2752K, reserved 1114112K
  class space    used 265K, committed 384K, reserved 1048576K
}
Event: 1.087 GC heap before
{Heap before GC invocations=1 (full 0):
 garbage-first heap   total 129024K, used 19153K [0x0000000082000000, 0x0000000100000000)
  region size 1024K, 19 young (19456K), 2 survivors (2048K)
 Metaspace       used 6001K, committed 6208K, reserved 1114112K
  class space    used 765K, committed 832K, reserved 1048576K
}
Event: 1.093 GC heap after
{Heap after GC invocations=2 (full 0):
 garbage-first heap   total 129024K, used 8033K [0x0000000082000000, 0x0000000100000000)
  region size 1024K, 3 young (3072K), 3 survivors (3072K)
 Metaspace       used 6001K, committed 6208K, reserved 1114112K
  class space    used 765K, committed 832K, reserved 1048576K
}
Event: 1.173 GC heap before
{Heap before GC invocations=2 (full 0):
 garbage-first heap   total 129024K, used 11105K [0x0000000082000000, 0x0000000100000000)
  region size 1024K, 7 young (7168K), 3 survivors (3072K)
 Metaspace       used 6939K, committed 7104K, reserved 1114112K
  class space    used 949K, committed 1024K, reserved 1048576K
}
Event: 1.176 GC heap after
{Heap after GC invocations=3 (full 0):
 garbage-first heap   total 129024K, used 8653K [0x0000000082000000, 0x0000000100000000)
  region size 1024K, 4 young (4096K), 4 survivors (4096K)
 Metaspace       used 6939K, committed 7104K, reserved 1114112K
  class space    used 949K, committed 1024K, reserved 1048576K
}
Event: 2.445 GC heap before
{Heap before GC invocations=3 (full 0):
 garbage-first heap   total 129024K, used 89549K [0x0000000082000000, 0x0000000100000000)
  region size 1024K, 6 young (6144K), 4 survivors (4096K)
 Metaspace       used 7265K, committed 7424K, reserved 1114112K
  class space    used 1026K, committed 1088K, reserved 1048576K
}
Event: 2.447 GC heap after
{Heap after GC invocations=4 (full 0):
 garbage-first heap   total 129024K, used 88120K [0x0000000082000000, 0x0000000100000000)
  region size 1024K, 4 young (4096K), 4 survivors (4096K)
 Metaspace       used 7265K, committed 7424K, reserved 1114112K
  class space    used 1026K, committed 1088K, reserved 1048576K
}

Deoptimization events (20 events):
Event: 2.099 Thread 0x000002444aaff0e0 DEOPT PACKING pc=0x000002443c154d84 sp=0x000000ee0a9fd880
Event: 2.099 Thread 0x000002444aaff0e0 DEOPT UNPACKING pc=0x000002443bb923a3 sp=0x000000ee0a9fd8a0 mode 2
Event: 2.138 Thread 0x000002444aaff0e0 DEOPT PACKING pc=0x00000244347ef77d sp=0x000000ee0a9fdca0
Event: 2.138 Thread 0x000002444aaff0e0 DEOPT UNPACKING pc=0x000002443bb92b43 sp=0x000000ee0a9fd180 mode 0
Event: 2.143 Thread 0x000002444aaff0e0 Uncommon trap: trap_request=0xffffff45 fr.pc=0x000002443c15eca4 relative=0x0000000000000404
Event: 2.143 Thread 0x000002444aaff0e0 Uncommon trap: reason=unstable_if action=reinterpret pc=0x000002443c15eca4 method=com.sun.javafx.image.impl.ByteBgra$ToByteBgraPreConv.doConvert([BII[BIIII)V @ 80 c2
Event: 2.143 Thread 0x000002444aaff0e0 DEOPT PACKING pc=0x000002443c15eca4 sp=0x000000ee0a9fdcc0
Event: 2.143 Thread 0x000002444aaff0e0 DEOPT UNPACKING pc=0x000002443bb923a3 sp=0x000000ee0a9fdc88 mode 2
Event: 2.180 Thread 0x000002444aaff0e0 DEOPT PACKING pc=0x00000244347f0cfd sp=0x000000ee0a9fdca0
Event: 2.180 Thread 0x000002444aaff0e0 DEOPT UNPACKING pc=0x000002443bb92b43 sp=0x000000ee0a9fd180 mode 0
Event: 2.269 Thread 0x000002444aaff0e0 Uncommon trap: trap_request=0xffffff45 fr.pc=0x000002443c162890 relative=0x0000000000000770
Event: 2.269 Thread 0x000002444aaff0e0 Uncommon trap: reason=unstable_if action=reinterpret pc=0x000002443c162890 method=com.sun.javafx.image.impl.ByteBgra$ToByteBgraPreConv.doConvert([BII[BIIII)V @ 31 c2
Event: 2.269 Thread 0x000002444aaff0e0 DEOPT PACKING pc=0x000002443c162890 sp=0x000000ee0a9fdcc0
Event: 2.269 Thread 0x000002444aaff0e0 DEOPT UNPACKING pc=0x000002443bb923a3 sp=0x000000ee0a9fdc80 mode 2
Event: 2.393 Thread 0x000002444aaff0e0 DEOPT PACKING pc=0x00000244347f1758 sp=0x000000ee0a9fdc90
Event: 2.393 Thread 0x000002444aaff0e0 DEOPT UNPACKING pc=0x000002443bb92b43 sp=0x000000ee0a9fd180 mode 0
Event: 2.425 Thread 0x000002444aaff0e0 Uncommon trap: trap_request=0xffffff45 fr.pc=0x000002443c16455c relative=0x0000000000000cbc
Event: 2.425 Thread 0x000002444aaff0e0 Uncommon trap: reason=unstable_if action=reinterpret pc=0x000002443c16455c method=com.sun.javafx.image.impl.BaseByteToByteConverter$FourByteReorderer.doConvert([BII[BIIII)V @ 31 c2
Event: 2.425 Thread 0x000002444aaff0e0 DEOPT PACKING pc=0x000002443c16455c sp=0x000000ee0a9fdcb0
Event: 2.425 Thread 0x000002444aaff0e0 DEOPT UNPACKING pc=0x000002443bb923a3 sp=0x000000ee0a9fdc80 mode 2

Classes unloaded (0 events):
No events

Classes redefined (0 events):
No events

Internal exceptions (19 events):
Event: 0.340 Thread 0x000002442ab9c250 Exception <a 'sun/nio/fs/WindowsException'{0x0000000089c193a8}> (0x0000000089c193a8) 
thrown [s\open\src\hotspot\share\prims\jni.cpp, line 516]
Event: 0.340 Thread 0x000002442ab9c250 Exception <a 'sun/nio/fs/WindowsException'{0x0000000089c197d8}> (0x0000000089c197d8) 
thrown [s\open\src\hotspot\share\prims\jni.cpp, line 516]
Event: 0.464 Thread 0x000002442ab9c250 Exception <a 'java/lang/NoSuchMethodError'{0x00000000897ca1a8}: 'java.lang.Object java.lang.invoke.DirectMethodHandle$Holder.invokeStaticInit(java.lang.Object)'> (0x00000000897ca1a8) 
thrown [s\open\src\hotspot\share\interpreter\linkResolver.cpp, line 759]
Event: 0.471 Thread 0x000002442ab9c250 Exception <a 'java/lang/NoSuchMethodError'{0x00000000897e7558}: 'java.lang.Object java.lang.invoke.DirectMethodHandle$Holder.newInvokeSpecial(java.lang.Object, java.lang.Object, java.lang.Object, java.lang.Object, java.lang.Object)'> (0x00000000897e7558) 
thrown [s\open\src\hotspot\share\interpreter\linkResolver.cpp, line 759]
Event: 0.474 Thread 0x000002444a8cdfa0 Exception <a 'java/lang/NoSuchMethodError'{0x000000008964a240}: 'void java.lang.invoke.DirectMethodHandle$Holder.invokeStatic(java.lang.Object, java.lang.Object)'> (0x000000008964a240) 
thrown [s\open\src\hotspot\share\interpreter\linkResolver.cpp, line 759]
Event: 0.617 Thread 0x000002444a8cdfa0 Exception <a 'java/lang/NoSuchMethodError'{0x00000000893531a0}: 'void java.lang.invoke.DirectMethodHandle$Holder.invokeSpecial(java.lang.Object, java.lang.Object, java.lang.Object)'> (0x00000000893531a0) 
thrown [s\open\src\hotspot\share\interpreter\linkResolver.cpp, line 759]
Event: 0.625 Thread 0x000002444a8cdfa0 Exception <a 'java/lang/NoSuchMethodError'{0x00000000893ce6e0}: 'void java.lang.invoke.DirectMethodHandle$Holder.invokeStatic(java.lang.Object, java.lang.Object, java.lang.Object)'> (0x00000000893ce6e0) 
thrown [s\open\src\hotspot\share\interpreter\linkResolver.cpp, line 759]
Event: 0.647 Thread 0x000002444a8cdfa0 Exception <a 'java/lang/NoSuchMethodError'{0x00000000893eaa60}: 'int java.lang.invoke.DirectMethodHandle$Holder.invokeStaticInit(java.lang.Object, java.lang.Object, java.lang.Object)'> (0x00000000893eaa60) 
thrown [s\open\src\hotspot\share\interpreter\linkResolver.cpp, line 759]
Event: 0.664 Thread 0x000002444a8cdfa0 Exception <a 'java/lang/NoSuchMethodError'{0x000000008912a678}: 'java.lang.Object java.lang.invoke.DirectMethodHandle$Holder.newInvokeSpecial(java.lang.Object, java.lang.Object, int, java.lang.Object)'> (0x000000008912a678) 
thrown [s\open\src\hotspot\share\interpreter\linkResolver.cpp, line 759]
Event: 0.665 Thread 0x000002444a8cdfa0 Exception <a 'java/lang/NoSuchMethodError'{0x000000008912e7b0}: 'java.lang.Object java.lang.invoke.DirectMethodHandle$Holder.invokeSpecial(java.lang.Object, java.lang.Object, java.lang.Object, int, java.lang.Object)'> (0x000000008912e7b0) 
thrown [s\open\src\hotspot\share\interpreter\linkResolver.cpp, line 759]
Event: 0.736 Thread 0x000002444aaff0e0 Exception <a 'java/lang/NoSuchMethodError'{0x0000000089b091b8}: 'void java.lang.invoke.DirectMethodHandle$Holder.invokeStaticInit(java.lang.Object)'> (0x0000000089b091b8) 
thrown [s\open\src\hotspot\share\interpreter\linkResolver.cpp, line 759]
Event: 0.741 Thread 0x000002444a8cdfa0 Exception <a 'java/lang/NoSuchMethodError'{0x0000000089b30078}: 'void java.lang.invoke.DirectMethodHandle$Holder.invokeStatic(java.lang.Object, java.lang.Object, java.lang.Object, java.lang.Object)'> (0x0000000089b30078) 
thrown [s\open\src\hotspot\share\interpreter\linkResolver.cpp, line 759]
Event: 0.845 Thread 0x000002444aaff0e0 Exception <a 'java/lang/NoSuchMethodError'{0x00000000897c1b78}: 'java.lang.Object java.lang.invoke.DirectMethodHandle$Holder.invokeStaticInit(java.lang.Object, java.lang.Object, java.lang.Object, java.lang.Object)'> (0x00000000897c1b78) 
thrown [s\open\src\hotspot\share\interpreter\linkResolver.cpp, line 759]
Event: 0.848 Thread 0x000002444aaff0e0 Exception <a 'java/lang/NullPointerException'{0x00000000897cd6c0}> (0x00000000897cd6c0) 
thrown [s\open\src\hotspot\share\interpreter\linkResolver.cpp, line 1350]
Event: 0.872 Thread 0x000002444aaff0e0 Exception <a 'java/lang/ClassNotFoundException'{0x000000008962aab0}: com/sun/glass/ui/win/themes> (0x000000008962aab0) 
thrown [s\open\src\hotspot\share\prims\jni.cpp, line 535]
Event: 0.875 Thread 0x000002444aaff0e0 Exception <a 'java/lang/ClassNotFoundException'{0x0000000089636ca0}: com/sun/glass/ui/win/themes_en> (0x0000000089636ca0) 
thrown [s\open\src\hotspot\share\prims\jni.cpp, line 535]
Event: 0.877 Thread 0x000002444aaff0e0 Exception <a 'java/lang/ClassNotFoundException'{0x0000000089638a10}: com/sun/glass/ui/win/themes_en_IN> (0x0000000089638a10) 
thrown [s\open\src\hotspot\share\prims\jni.cpp, line 535]
Event: 1.095 Thread 0x000002444aaff0e0 Exception <a 'java/lang/NoSuchMethodError'{0x0000000089d17160}: 'void java.lang.invoke.DirectMethodHandle$Holder.invokeStaticInit(java.lang.Object, java.lang.Object)'> (0x0000000089d17160) 
thrown [s\open\src\hotspot\share\interpreter\linkResolver.cpp, line 759]
Event: 1.104 Thread 0x000002444aaff0e0 Exception <a 'java/lang/NoSuchMethodError'{0x0000000089d76f58}: 'void java.lang.invoke.DirectMethodHandle$Holder.invokeSpecial(java.lang.Object, java.lang.Object, java.lang.Object, java.lang.Object, java.lang.Object)'> (0x0000000089d76f58) 
thrown [s\open\src\hotspot\share\interpreter\linkResolver.cpp, line 759]

VM Operations (18 events):
Event: 0.346 Executing VM operation: HandshakeAllThreads
Event: 0.346 Executing VM operation: HandshakeAllThreads done
Event: 0.438 Executing VM operation: HandshakeAllThreads
Event: 0.438 Executing VM operation: HandshakeAllThreads done
Event: 0.656 Executing VM operation: HandshakeAllThreads
Event: 0.656 Executing VM operation: HandshakeAllThreads done
Event: 0.706 Executing VM operation: G1CollectForAllocation
Event: 0.709 Executing VM operation: G1CollectForAllocation done
Event: 1.022 Executing VM operation: HandshakeAllThreads
Event: 1.022 Executing VM operation: HandshakeAllThreads done
Event: 1.087 Executing VM operation: G1CollectForAllocation
Event: 1.093 Executing VM operation: G1CollectForAllocation done
Event: 1.173 Executing VM operation: G1TryInitiateConcMark
Event: 1.176 Executing VM operation: G1TryInitiateConcMark done
Event: 2.177 Executing VM operation: Cleanup
Event: 2.177 Executing VM operation: Cleanup done
Event: 2.445 Executing VM operation: G1TryInitiateConcMark
Event: 2.448 Executing VM operation: G1TryInitiateConcMark done

Events (20 events):
Event: 1.125 loading class sun/nio/cs/UnicodeDecoder done
Event: 1.125 loading class sun/nio/cs/UTF_16BE$Decoder done
Event: 1.133 Thread 0x0000024490268cc0 Thread added: 0x0000024490268cc0
Event: 1.135 loading class java/lang/invoke/DirectMethodHandle$Special
Event: 1.135 loading class java/lang/invoke/DirectMethodHandle$Special done
Event: 1.163 Loaded shared library C:\Program Files\Java\jdk-17\bin\jimage.dll
Event: 1.167 loading class java/io/EOFException
Event: 1.167 loading class java/io/EOFException done
Event: 1.167 loading class java/io/SequenceInputStream
Event: 1.167 loading class java/io/SequenceInputStream done
Event: 1.170 loading class sun/net/ProgressMonitor
Event: 1.170 loading class sun/net/ProgressMonitor done
Event: 1.171 loading class sun/net/DefaultProgressMeteringPolicy
Event: 1.171 loading class sun/net/ProgressMeteringPolicy
Event: 1.171 loading class sun/net/ProgressMeteringPolicy done
Event: 1.171 loading class sun/net/DefaultProgressMeteringPolicy done
Event: 1.171 loading class java/util/Vector$1
Event: 1.171 loading class java/util/Vector$1 done
Event: 2.102 loading class java/nio/FloatBuffer
Event: 2.103 loading class java/nio/FloatBuffer done


Dynamic libraries:
0x00007ff79a260000 - 0x00007ff79a270000 	C:\Program Files\Java\jdk-17\bin\java.exe
0x00007fffb3c50000 - 0x00007fffb3e48000 	C:\Windows\SYSTEM32\ntdll.dll
0x00007fffb2800000 - 0x00007fffb28c2000 	C:\Windows\System32\KERNEL32.DLL
0x00007fffb1600000 - 0x00007fffb18f6000 	C:\Windows\System32\KERNELBASE.dll
0x00007fffb12e0000 - 0x00007fffb13e0000 	C:\Windows\System32\ucrtbase.dll
0x00007fffab230000 - 0x00007fffab249000 	C:\Program Files\Java\jdk-17\bin\jli.dll
0x00007fffab250000 - 0x00007fffab26b000 	C:\Program Files\Java\jdk-17\bin\VCRUNTIME140.dll
0x00007fffb2260000 - 0x00007fffb2311000 	C:\Windows\System32\ADVAPI32.dll
0x00007fffb39b0000 - 0x00007fffb3a4e000 	C:\Windows\System32\msvcrt.dll
0x00007fffb21b0000 - 0x00007fffb224f000 	C:\Windows\System32\sechost.dll
0x00007fffb28d0000 - 0x00007fffb29f3000 	C:\Windows\System32\RPCRT4.dll
0x00007fffb1470000 - 0x00007fffb1497000 	C:\Windows\System32\bcrypt.dll
0x00007fffb2a00000 - 0x00007fffb2b9d000 	C:\Windows\System32\USER32.dll
0x00007fff9f9f0000 - 0x00007fff9fc8a000 	C:\Windows\WinSxS\amd64_microsoft.windows.common-controls_6595b64144ccf1df_6.0.19041.5915_none_60b4b9d171f9c7c7\COMCTL32.dll
0x00007fffb15d0000 - 0x00007fffb15f2000 	C:\Windows\System32\win32u.dll
0x00007fffb2180000 - 0x00007fffb21ab000 	C:\Windows\System32\GDI32.dll
0x00007fffb1b00000 - 0x00007fffb1c19000 	C:\Windows\System32\gdi32full.dll
0x00007fffb1a60000 - 0x00007fffb1afd000 	C:\Windows\System32\msvcp_win.dll
0x00007fffa2740000 - 0x00007fffa274a000 	C:\Windows\SYSTEM32\VERSION.dll
0x00007fffb1d20000 - 0x00007fffb1d4f000 	C:\Windows\System32\IMM32.DLL
0x00007fffab2a0000 - 0x00007fffab2ac000 	C:\Program Files\Java\jdk-17\bin\vcruntime140_1.dll
0x00007fffa92e0000 - 0x00007fffa936e000 	C:\Program Files\Java\jdk-17\bin\msvcp140.dll
0x00007fff30c20000 - 0x00007fff317fe000 	C:\Program Files\Java\jdk-17\bin\server\jvm.dll
0x00007fffb3a50000 - 0x00007fffb3a58000 	C:\Windows\System32\PSAPI.DLL
0x00007fff9ffc0000 - 0x00007fff9ffc9000 	C:\Windows\SYSTEM32\WSOCK32.dll
0x00007fff9eea0000 - 0x00007fff9eec7000 	C:\Windows\SYSTEM32\WINMM.dll
0x00007fffb3a60000 - 0x00007fffb3acb000 	C:\Windows\System32\WS2_32.dll
0x00007fffafac0000 - 0x00007fffafad2000 	C:\Windows\SYSTEM32\kernel.appcore.dll
0x00007fffab1a0000 - 0x00007fffab1aa000 	C:\Program Files\Java\jdk-17\bin\jimage.dll
0x00007fffaf7b0000 - 0x00007fffaf9b1000 	C:\Windows\SYSTEM32\DBGHELP.DLL
0x00007fff91e60000 - 0x00007fff91e94000 	C:\Windows\SYSTEM32\dbgcore.DLL
0x00007fffb13e0000 - 0x00007fffb1462000 	C:\Windows\System32\bcryptPrimitives.dll
0x00007fffaaea0000 - 0x00007fffaaec5000 	C:\Program Files\Java\jdk-17\bin\java.dll
0x00007fff93f40000 - 0x00007fff94017000 	C:\Program Files\Java\jdk-17\bin\jsvml.dll
0x00007fffb3070000 - 0x00007fffb37de000 	C:\Windows\System32\SHELL32.dll
0x00007fffaef30000 - 0x00007fffaf6d4000 	C:\Windows\SYSTEM32\windows.storage.dll
0x00007fffb1d70000 - 0x00007fffb20c3000 	C:\Windows\System32\combase.dll
0x00007fffb0d10000 - 0x00007fffb0d3b000 	C:\Windows\SYSTEM32\Wldp.dll
0x00007fffb2df0000 - 0x00007fffb2ebd000 	C:\Windows\System32\OLEAUT32.dll
0x00007fffb20d0000 - 0x00007fffb217d000 	C:\Windows\System32\SHCORE.dll
0x00007fffb37e0000 - 0x00007fffb383b000 	C:\Windows\System32\shlwapi.dll
0x00007fffb1210000 - 0x00007fffb1235000 	C:\Windows\SYSTEM32\profapi.dll
0x00007fffaae40000 - 0x00007fffaae59000 	C:\Program Files\Java\jdk-17\bin\net.dll
0x00007fffa5890000 - 0x00007fffa599a000 	C:\Windows\SYSTEM32\WINHTTP.dll
0x00007fffb0a70000 - 0x00007fffb0ada000 	C:\Windows\system32\mswsock.dll
0x00007fffaade0000 - 0x00007fffaadf6000 	C:\Program Files\Java\jdk-17\bin\nio.dll
0x00007fffaadc0000 - 0x00007fffaadd8000 	C:\Program Files\Java\jdk-17\bin\zip.dll
0x000002442ad80000 - 0x000002442ad83000 	C:\javafx-sdk-21.0.7\bin\api-ms-win-core-console-l1-1-0.dll
0x000002442cc70000 - 0x000002442cc73000 	C:\javafx-sdk-21.0.7\bin\api-ms-win-core-console-l1-2-0.dll
0x000002442cc80000 - 0x000002442cc83000 	C:\javafx-sdk-21.0.7\bin\api-ms-win-core-datetime-l1-1-0.dll
0x000002442cc90000 - 0x000002442cc93000 	C:\javafx-sdk-21.0.7\bin\api-ms-win-core-debug-l1-1-0.dll
0x000002442cca0000 - 0x000002442cca3000 	C:\javafx-sdk-21.0.7\bin\api-ms-win-core-errorhandling-l1-1-0.dll
0x000002442ccb0000 - 0x000002442ccb4000 	C:\javafx-sdk-21.0.7\bin\api-ms-win-core-file-l1-1-0.dll
0x000002442ccc0000 - 0x000002442ccc3000 	C:\javafx-sdk-21.0.7\bin\api-ms-win-core-file-l1-2-0.dll
0x000002442ccd0000 - 0x000002442ccd3000 	C:\javafx-sdk-21.0.7\bin\api-ms-win-core-file-l2-1-0.dll
0x000002442cce0000 - 0x000002442cce3000 	C:\javafx-sdk-21.0.7\bin\api-ms-win-core-handle-l1-1-0.dll
0x000002442ccf0000 - 0x000002442ccf3000 	C:\javafx-sdk-21.0.7\bin\api-ms-win-core-heap-l1-1-0.dll
0x000002442cd00000 - 0x000002442cd03000 	C:\javafx-sdk-21.0.7\bin\api-ms-win-core-interlocked-l1-1-0.dll
0x000002442cd10000 - 0x000002442cd13000 	C:\javafx-sdk-21.0.7\bin\api-ms-win-core-libraryloader-l1-1-0.dll
0x000002442cd20000 - 0x000002442cd23000 	C:\javafx-sdk-21.0.7\bin\api-ms-win-core-localization-l1-2-0.dll
0x000002442cd30000 - 0x000002442cd33000 	C:\javafx-sdk-21.0.7\bin\api-ms-win-core-memory-l1-1-0.dll
0x000002444ab10000 - 0x000002444ab13000 	C:\javafx-sdk-21.0.7\bin\api-ms-win-core-namedpipe-l1-1-0.dll
0x000002444ab20000 - 0x000002444ab23000 	C:\javafx-sdk-21.0.7\bin\api-ms-win-core-processenvironment-l1-1-0.dll
0x000002444ab30000 - 0x000002444ab33000 	C:\javafx-sdk-21.0.7\bin\api-ms-win-core-processthreads-l1-1-0.dll
0x000002444ab40000 - 0x000002444ab43000 	C:\javafx-sdk-21.0.7\bin\api-ms-win-core-processthreads-l1-1-1.dll
0x000002444ab50000 - 0x000002444ab53000 	C:\javafx-sdk-21.0.7\bin\api-ms-win-core-profile-l1-1-0.dll
0x000002444ab60000 - 0x000002444ab63000 	C:\javafx-sdk-21.0.7\bin\api-ms-win-core-rtlsupport-l1-1-0.dll
0x000002444ab70000 - 0x000002444ab73000 	C:\javafx-sdk-21.0.7\bin\api-ms-win-core-string-l1-1-0.dll
0x000002444ab80000 - 0x000002444ab83000 	C:\javafx-sdk-21.0.7\bin\api-ms-win-core-synch-l1-1-0.dll
0x000002444ab90000 - 0x000002444ab93000 	C:\javafx-sdk-21.0.7\bin\api-ms-win-core-synch-l1-2-0.dll
0x000002444aba0000 - 0x000002444aba3000 	C:\javafx-sdk-21.0.7\bin\api-ms-win-core-sysinfo-l1-1-0.dll
0x000002444abb0000 - 0x000002444abb3000 	C:\javafx-sdk-21.0.7\bin\api-ms-win-core-timezone-l1-1-0.dll
0x000002444abc0000 - 0x000002444abc3000 	C:\javafx-sdk-21.0.7\bin\api-ms-win-core-util-l1-1-0.dll
0x000002444abd0000 - 0x000002444abd3000 	C:\javafx-sdk-21.0.7\bin\api-ms-win-crt-conio-l1-1-0.dll
0x000002444abe0000 - 0x000002444abe4000 	C:\javafx-sdk-21.0.7\bin\api-ms-win-crt-convert-l1-1-0.dll
0x000002444abf0000 - 0x000002444abf3000 	C:\javafx-sdk-21.0.7\bin\api-ms-win-crt-environment-l1-1-0.dll
0x000002444ac00000 - 0x000002444ac03000 	C:\javafx-sdk-21.0.7\bin\api-ms-win-crt-filesystem-l1-1-0.dll
0x000002444ac10000 - 0x000002444ac13000 	C:\javafx-sdk-21.0.7\bin\api-ms-win-crt-heap-l1-1-0.dll
0x000002444ac20000 - 0x000002444ac23000 	C:\javafx-sdk-21.0.7\bin\api-ms-win-crt-locale-l1-1-0.dll
0x000002444ac30000 - 0x000002444ac35000 	C:\javafx-sdk-21.0.7\bin\api-ms-win-crt-math-l1-1-0.dll
0x000002444ac40000 - 0x000002444ac45000 	C:\javafx-sdk-21.0.7\bin\api-ms-win-crt-multibyte-l1-1-0.dll
0x000002444ac50000 - 0x000002444ac60000 	C:\javafx-sdk-21.0.7\bin\api-ms-win-crt-private-l1-1-0.dll
0x000002444ac60000 - 0x000002444ac63000 	C:\javafx-sdk-21.0.7\bin\api-ms-win-crt-process-l1-1-0.dll
0x000002444ac70000 - 0x000002444ac74000 	C:\javafx-sdk-21.0.7\bin\api-ms-win-crt-runtime-l1-1-0.dll
0x000002444ac80000 - 0x000002444ac84000 	C:\javafx-sdk-21.0.7\bin\api-ms-win-crt-stdio-l1-1-0.dll
0x000002444ac90000 - 0x000002444ac94000 	C:\javafx-sdk-21.0.7\bin\api-ms-win-crt-string-l1-1-0.dll
0x000002444aca0000 - 0x000002444aca3000 	C:\javafx-sdk-21.0.7\bin\api-ms-win-crt-time-l1-1-0.dll
0x000002444acb0000 - 0x000002444acb3000 	C:\javafx-sdk-21.0.7\bin\api-ms-win-crt-utility-l1-1-0.dll
0x00007fff7e720000 - 0x00007fff7e81c000 	C:\javafx-sdk-21.0.7\bin\ucrtbase.dll
0x00007fffaac20000 - 0x00007fffaac3b000 	C:\javafx-sdk-21.0.7\bin\vcruntime140.dll
0x00007fffaaf10000 - 0x00007fffaaf1c000 	C:\javafx-sdk-21.0.7\bin\vcruntime140_1.dll
0x00007fff8e190000 - 0x00007fff8e21e000 	C:\javafx-sdk-21.0.7\bin\msvcp140.dll
0x00007fffaadb0000 - 0x00007fffaadb9000 	C:\javafx-sdk-21.0.7\bin\msvcp140_1.dll
0x00007fff8e4d0000 - 0x00007fff8e511000 	C:\javafx-sdk-21.0.7\bin\msvcp140_2.dll
0x00007fff93f10000 - 0x00007fff93f40000 	C:\javafx-sdk-21.0.7\bin\prism_d3d.dll
0x00007fff83ab0000 - 0x00007fff83c81000 	C:\Windows\system32\d3d9.dll
0x00007fffae950000 - 0x00007fffae97f000 	C:\Windows\SYSTEM32\dwmapi.dll
0x00007fffae810000 - 0x00007fffae8ae000 	C:\Windows\system32\uxtheme.dll
0x00007fff4ee00000 - 0x00007fff4ef65000 	C:\Windows\System32\DriverStore\FileRepository\iigd_dch.inf_amd64_4de65d949492707a\igdumdim64.dll
0x00007fffb2ba0000 - 0x00007fffb2ccb000 	C:\Windows\System32\ole32.dll
0x00007fff49880000 - 0x00007fff4d50b000 	C:\Windows\System32\DriverStore\FileRepository\iigd_dch.inf_amd64_4de65d949492707a\igd9dxva64.dll
0x00007fffb2390000 - 0x00007fffb2800000 	C:\Windows\System32\SETUPAPI.dll
0x00007fffb1c20000 - 0x00007fffb1c6e000 	C:\Windows\System32\cfgmgr32.dll
0x00007fffa5550000 - 0x00007fffa5886000 	C:\Windows\System32\DriverStore\FileRepository\iigd_dch.inf_amd64_4de65d949492707a\igdgmm64.dll
0x00007fff7e6d0000 - 0x00007fff7e712000 	C:\javafx-sdk-21.0.7\bin\glass.dll
0x00007fffb3ad0000 - 0x00007fffb3baa000 	C:\Windows\System32\COMDLG32.dll
0x00007fffb2cd0000 - 0x00007fffb2de5000 	C:\Windows\System32\MSCTF.dll
0x00007fffa9230000 - 0x00007fffa9257000 	C:\Windows\System32\DriverStore\FileRepository\iigd_dch.inf_amd64_4de65d949492707a\igdinfo64.dll
0x00007fffa27c0000 - 0x00007fffa554f000 	C:\Windows\System32\DriverStore\FileRepository\iigd_dch.inf_amd64_4de65d949492707a\igc64.dll
0x00007fffa6c90000 - 0x00007fffa6ccb000 	C:\Windows\SYSTEM32\dxcore.dll
0x00007fffaaa80000 - 0x00007fffaaa95000 	C:\javafx-sdk-21.0.7\bin\javafx_font.dll
0x00007fff8ff00000 - 0x00007fff9017f000 	C:\Windows\SYSTEM32\dwrite.dll

dbghelp: loaded successfully - version: 4.0.5 - missing functions: none
symbol engine: initialized successfully - sym options: 0x614 - pdb path: .;C:\Program Files\Java\jdk-17\bin;C:\Windows\SYSTEM32;C:\Windows\WinSxS\amd64_microsoft.windows.common-controls_6595b64144ccf1df_6.0.19041.5915_none_60b4b9d171f9c7c7;C:\Program Files\Java\jdk-17\bin\server;C:\javafx-sdk-21.0.7\bin;C:\Windows\System32\DriverStore\FileRepository\iigd_dch.inf_amd64_4de65d949492707a

VM Arguments:
jvm_args: --module-path=C:/javafx-sdk-21.0.7/lib --add-modules=javafx.controls,javafx.fxml -XX:+ShowCodeDetailsInExceptionMessages 
java_command: com.login.Main
java_class_path (initial): D:\Civita\Civita user and login pages\loginpage\target\classes;c:\javafx-sdk-21.0.7\lib\javafx.base.jar;c:\javafx-sdk-21.0.7\lib\javafx.controls.jar;c:\javafx-sdk-21.0.7\lib\javafx.fxml.jar;c:\javafx-sdk-21.0.7\lib\javafx.graphics.jar;c:\javafx-sdk-21.0.7\lib\javafx.media.jar;c:\javafx-sdk-21.0.7\lib\javafx.swing.jar;c:\javafx-sdk-21.0.7\lib\javafx.web.jar;c:\javafx-sdk-21.0.7\lib\javafx-swt.jar;c:\javafx-sdk-21.0.7\lib\json-20230618.jar;C:\Users\Dell\.m2\repository\com\google\firebase\firebase-admin\9.2.0\firebase-admin-9.2.0.jar;C:\Users\Dell\.m2\repository\com\google\api-client\google-api-client\2.2.0\google-api-client-2.2.0.jar;C:\Users\Dell\.m2\repository\commons-codec\commons-codec\1.15\commons-codec-1.15.jar;C:\Users\Dell\.m2\repository\com\google\oauth-client\google-oauth-client\1.34.1\google-oauth-client-1.34.1.jar;C:\Users\Dell\.m2\repository\com\google\http-client\google-http-client-gson\1.42.3\google-http-client-gson-1.42.3.jar;C:\Users\Dell\.m2\repository\com\google\http-client\google-http-client-apache-v2\1.42.3\google-http-client-apache-v2-1.42.3.jar;C:\Users\Dell\.m2\repository\org\apache\httpcomponents\httpcore\4.4.16\httpcore-4.4.16.jar;C:\Users\Dell\.m2\repository\com\google\api-client\google-api-client-gson\2.2.0\google-api-client-gson-2.2.0.jar;C:\Users\Dell\.m2\repository\com\google\http-client\google-http-client\1.43.1\google-http-client-1.43.1.jar;C:\Users\Dell\.m2\repository\com\google\code\findbugs\jsr305\3.0.2\jsr305-3.0.2.jar;C:\Users\Dell\.m2\repository\com\google\errorprone\error_prone_annotations\2.18.0\error_prone_annotations-2.18.0.jar;C:\Users\Dell\.m2\repository\com\google\j2objc\j2objc-annotations\1.3\j2objc-annotations-1.3.jar;C:\Users\Dell\.m2\repository\io\opencensus\opencensus-api\0.31.1\opencensus-api-0.31.1.jar;C:\Users\Dell\.m2\repository\io\opencensus\opencensus-contrib-http-util\0.31.1\opencensus-contrib-http-util-0.31.1.jar;C:\Users\Dell\.m2\repository\com\google\api\api-common\2.12.0\api-com
Launcher Type: SUN_STANDARD

[Global flags]
     intx CICompilerCount                          = 3                                         {product} {ergonomic}
     uint ConcGCThreads                            = 1                                         {product} {ergonomic}
     uint G1ConcRefinementThreads                  = 4                                         {product} {ergonomic}
   size_t G1HeapRegionSize                         = 1048576                                   {product} {ergonomic}
    uintx GCDrainStackTargetSize                   = 64                                        {product} {ergonomic}
   size_t InitialHeapSize                          = 132120576                                 {product} {ergonomic}
   size_t MarkStackSize                            = 4194304                                   {product} {ergonomic}
   size_t MaxHeapSize                              = 2113929216                                {product} {ergonomic}
   size_t MaxNewSize                               = 1267728384                                {product} {ergonomic}
   size_t MinHeapDeltaBytes                        = 1048576                                   {product} {ergonomic}
   size_t MinHeapSize                              = 8388608                                   {product} {ergonomic}
    uintx NonNMethodCodeHeapSize                   = 5832780                                {pd product} {ergonomic}
    uintx NonProfiledCodeHeapSize                  = 122912730                              {pd product} {ergonomic}
    uintx ProfiledCodeHeapSize                     = 122912730                              {pd product} {ergonomic}
    uintx ReservedCodeCacheSize                    = 251658240                              {pd product} {ergonomic}
     bool SegmentedCodeCache                       = true                                      {product} {ergonomic}
     bool ShowCodeDetailsInExceptionMessages       = true                                   {manageable} {command line}
   size_t SoftMaxHeapSize                          = 2113929216                             {manageable} {ergonomic}
     bool UseCompressedClassPointers               = true                           {product lp64_product} {ergonomic}
     bool UseCompressedOops                        = true                           {product lp64_product} {ergonomic}
     bool UseG1GC                                  = true                                      {product} {ergonomic}
     bool UseLargePagesIndividualAllocation        = false                                  {pd product} {ergonomic}

Logging:
Log output configuration:
 #0: stdout all=warning uptime,level,tags
 #1: stderr all=off uptime,level,tags

Environment Variables:
PATH=C:\Program Files\Common Files\Oracle\Java\javapath;C:\Program Files\Eclipse Adoptium\jdk-21.0.4.7-hotspot\bin;C:\Program Files\Java\jdk-17\bin;C:\apache-maven-3.9.11\bin;C:\Windows\system32;C:\Windows;C:\Windows\System32\Wbem;C:\Windows\System32\WindowsPowerShell\v1.0\;C:\Windows\System32\OpenSSH\;C:\src\flutter\bin;C:\Program Files\Git\cmd;C:\Users\Dell\AppData\Local\Microsoft\WindowsApps;C:\Users\Dell\AppData\Local\Programs\Microsoft VS Code\bin
USERNAME=Dell
LANG=en_US.UTF-8
OS=Windows_NT
PROCESSOR_IDENTIFIER=Intel64 Family 6 Model 142 Stepping 9, GenuineIntel



---------------  S Y S T E M  ---------------

OS:
 Windows 10 , 64 bit Build 19041 (10.0.19041.5915)
OS uptime: 11 days 15:58 hours
Hyper-V role detected

CPU: total 4 (initial active 4) (2 cores per cpu, 2 threads per core) family 6 model 142 stepping 9 microcode 0xb4, cx8, cmov, fxsr, ht, mmx, 3dnowpref, sse, sse2, sse3, ssse3, sse4.1, sse4.2, popcnt, lzcnt, tsc, tscinvbit, avx, avx2, aes, erms, clmul, bmi1, bmi2, adx, fma, vzeroupper, clflush, clflushopt, hv

Memory: 4k page, system-wide physical 8058M (359M free)
TotalPageFile size 32634M (AvailPageFile size 0M)
current process WorkingSet (physical memory assigned to process): 212M, peak: 219M
current process commit charge ("private bytes"): 305M, peak: 306M

vm_info: Java HotSpot(TM) 64-Bit Server VM (17.0.8+9-LTS-211) for windows-amd64 JRE (17.0.8+9-LTS-211), built on Jun 14 2023 10:34:31 by "mach5one" with MS VC++ 17.1 (VS2022)

END.
